[1/229] Building CXX object CMakeFiles\neoeng_dcore.dir\src\hash.cpp.obj
[2/229] Building CXX object CMakeFiles\neoeng_dcore.dir\src\crypto_hash.cpp.obj
[3/229] Building CXX object CMakeFiles\neoeng_dcore.dir\src\diagnostics.cpp.obj
[4/229] Building CXX object CMakeFiles\neoeng_dcore.dir\src\state_evidence.cpp.obj
[5/229] Building CXX object CMakeFiles\neoeng_dcore.dir\src\simulation.cpp.obj
[6/229] Building CXX object CMakeFiles\neoeng_dcore.dir\src\rollback.cpp.obj
[7/229] Building CXX object CMakeFiles\neoeng_dcore.dir\src\support_bundle.cpp.obj
[8/229] Building CXX object CMakeFiles\neoeng_dcore.dir\src\snapshot_store.cpp.obj
[9/229] Building CXX object CMakeFiles\neoeng_dcore.dir\src\immutable_world.cpp.obj
[10/229] Building CXX object CMakeFiles\neoeng_dcore.dir\src\immutable_rollback.cpp.obj
[11/229] Building CXX object CMakeFiles\neoeng_dcore.dir\src\persistent_checkpoint.cpp.obj
[12/229] Building CXX object CMakeFiles\neoeng_dcore.dir\src\offline_oracle.cpp.obj
[13/229] Building CXX object CMakeFiles\neoeng_dcore.dir\src\active_world.cpp.obj
[14/229] Building CXX object CMakeFiles\neoeng_dcore.dir\src\component_world.cpp.obj
[15/229] Building CXX object CMakeFiles\neoeng_dcore.dir\src\radix_world.cpp.obj
[16/229] Building CXX object CMakeFiles\neoeng_dcore.dir\src\contextual_policy.cpp.obj
[17/229] Building CXX object CMakeFiles\neoeng_dcore.dir\src\fixed_simd.cpp.obj
[18/229] Building CXX object CMakeFiles\neoeng_dcore.dir\src\fixed_slot_allocator.cpp.obj
[19/229] Building CXX object CMakeFiles\neoeng_dcore.dir\src\uncertainty_lab.cpp.obj
[20/229] Building CXX object CMakeFiles\neoeng_dcore.dir\src\fixed_raa_microkernel.cpp.obj
[21/229] Building CXX object CMakeFiles\neoeng_dcore.dir\src\fixed_raa_active_island_shadow.cpp.obj
[22/229] Building CXX object CMakeFiles\neoeng_dcore.dir\src\broadphase.cpp.obj
[23/229] Building CXX object CMakeFiles\neoeng_dcore.dir\src\epoch_arena.cpp.obj
[24/229] Building CXX object CMakeFiles\neoeng_dcore.dir\src\chain_solver.cpp.obj
[25/229] Building CXX object CMakeFiles\neoeng_dcore.dir\src\contact_solver.cpp.obj
[26/229] Building CXX object CMakeFiles\neoeng_dcore.dir\src\temporal_contact.cpp.obj
[27/229] Building CXX object CMakeFiles\neoeng_dcore.dir\src\interactive_rollback.cpp.obj
[28/229] Building CXX object CMakeFiles\neoeng_dcore.dir\src\advanced_island_solver.cpp.obj
[29/229] Building CXX object CMakeFiles\neoeng_dcore.dir\src\island_runtime.cpp.obj
[30/229] Building CXX object CMakeFiles\neoeng_dcore.dir\src\general_lcp_solver.cpp.obj
[31/229] Building CXX object CMakeFiles\neoeng_dcore.dir\src\weighted_contact_projection.cpp.obj
[32/229] Building CXX object CMakeFiles\neoeng_dcore.dir\src\arbitrary_normal_projection.cpp.obj
[33/229] Building CXX object CMakeFiles\neoeng_dcore.dir\src\axis_forest_projection.cpp.obj
[34/229] Building CXX object CMakeFiles\neoeng_dcore.dir\src\weighted_tree_projection.cpp.obj
[35/229] Building CXX object CMakeFiles\neoeng_dcore.dir\src\atomic_physics.cpp.obj
[36/229] Building CXX object CMakeFiles\neoeng_dcore.dir\src\paged_atomic_history.cpp.obj
[37/229] Building CXX object CMakeFiles\neoeng_dcore.dir\src\atomic_temporal_physics.cpp.obj
[38/229] Building CXX object CMakeFiles\neoeng_dcore.dir\src\island_pair_cache.cpp.obj
[39/229] Building CXX object CMakeFiles\neoeng_dcore.dir\src\paged_atomic_temporal_physics.cpp.obj
[40/229] Building CXX object CMakeFiles\neoeng_dcore.dir\src\small_oblique_grid_oracle.cpp.obj
[41/229] Building CXX object CMakeFiles\neoeng_dcore.dir\src\versioned_island_pair_history.cpp.obj
[42/229] Building CXX object CMakeFiles\neoeng_dcore.dir\src\oblique_tree_grid_dp.cpp.obj
[43/229] Building CXX object CMakeFiles\neoeng_dcore.dir\src\dynamic_island_pair_history.cpp.obj
[44/229] Building CXX object CMakeFiles\neoeng_dcore.dir\src\authoritative_paged_temporal_physics.cpp.obj
[45/229] Building CXX object CMakeFiles\neoeng_dcore.dir\src\exact_oblique_tree_oracle.cpp.obj
[46/229] Building CXX object CMakeFiles\neoeng_dcore.dir\src\oblique_star_projection.cpp.obj
[47/229] Building CXX object CMakeFiles\neoeng_dcore.dir\src\segmented_dynamic_pair_history.cpp.obj
[48/229] Building CXX object CMakeFiles\neoeng_dcore.dir\src\paged_segmented_pair_history.cpp.obj
[49/229] Building CXX object CMakeFiles\neoeng_dcore.dir\src\segmented_authoritative_paged_temporal_physics.cpp.obj
[50/229] Building CXX object CMakeFiles\neoeng_dcore.dir\src\network_security.cpp.obj
[51/229] Building CXX object CMakeFiles\neoeng_dcore.dir\src\session_security.cpp.obj
[52/229] Building CXX object CMakeFiles\neoeng_dcore.dir\src\observability.cpp.obj
[53/229] Building CXX object CMakeFiles\neoeng_dcore.dir\src\recovery.cpp.obj
[54/229] Building CXX object CMakeFiles\neoeng_dcore.dir\src\hardware_profile.cpp.obj
[55/229] Building CXX object CMakeFiles\neoeng_dcore.dir\src\recovery_contract.cpp.obj
[56/229] Building CXX object CMakeFiles\neoeng_dcore.dir\src\visual_correlation.cpp.obj
[57/229] Building CXX object CMakeFiles\neoeng_dcore.dir\src\operational_runtime.cpp.obj
[58/229] Linking CXX static library neoeng_dcore.lib
[59/229] Building CXX object modules\view_lab\CMakeFiles\neoeng_dcore_view_reference.dir\vendor\year2\src\visibility_buffer.cpp.obj
[60/229] Linking CXX static library modules\view_lab\neoeng_dcore_view_reference.lib
[61/229] Building CXX object modules\host_sdk\CMakeFiles\neoeng_dcore_host_sdk.dir\src\dcore_host.cpp.obj
[62/229] Building CXX object modules\view_lab\CMakeFiles\neoeng_dcore_view_lab.dir\src\view_lab.cpp.obj
[63/229] Building CXX object CMakeFiles\neoeng_dcore_lab.dir\apps\core_lab_main.cpp.obj
[64/229] Building CXX object CMakeFiles\neoeng_determinism_probe.dir\apps\determinism_probe.cpp.obj
[65/229] Building CXX object CMakeFiles\neoeng_network_packet_fuzz.dir\apps\network_packet_fuzz.cpp.obj
[66/229] Building CXX object CMakeFiles\neoeng_session_security_probe.dir\apps\session_security_probe.cpp.obj
[67/229] Building CXX object CMakeFiles\neoeng_session_handshake_fuzz.dir\apps\session_handshake_fuzz.cpp.obj
[68/229] Building CXX object CMakeFiles\neoeng_time_travel_cli.dir\apps\dcore_time_travel_cli.cpp.obj
[69/229] Building CXX object CMakeFiles\neoeng_recovery_fault_injection.dir\apps\recovery_fault_injection.cpp.obj
[70/229] Building CXX object CMakeFiles\neoeng_recovery_contract_probe.dir\apps\recovery_contract_probe.cpp.obj
[71/229] Building CXX object CMakeFiles\neoeng_hardware_profile_probe.dir\apps\hardware_profile_probe.cpp.obj
[72/229] Building CXX object CMakeFiles\neoeng_ecs_maintenance_benchmark.dir\apps\ecs_maintenance_benchmark.cpp.obj
[73/229] Building CXX object CMakeFiles\neoeng_state_evidence_probe.dir\apps\state_evidence_probe.cpp.obj
[74/229] Building CXX object CMakeFiles\neoeng_state_evidence_fuzz.dir\apps\state_evidence_fuzz.cpp.obj
[75/229] Building CXX object CMakeFiles\neoeng_support_bundle_probe.dir\apps\support_bundle_probe.cpp.obj
[76/229] Building CXX object CMakeFiles\neoeng_support_bundle_fuzz.dir\apps\support_bundle_fuzz.cpp.obj
[77/229] Building CXX object CMakeFiles\neoeng_benchmark.dir\apps\benchmark.cpp.obj
[78/229] Building CXX object CMakeFiles\neoeng_snapshot_benchmark.dir\apps\snapshot_benchmark.cpp.obj
[79/229] Building CXX object CMakeFiles\neoeng_adaptive_benchmark.dir\apps\adaptive_benchmark.cpp.obj
[80/229] Building CXX object CMakeFiles\neoeng_snapshot_fuzz.dir\apps\snapshot_fuzz.cpp.obj
[81/229] Building CXX object CMakeFiles\neoeng_rollback_matrix.dir\apps\rollback_matrix_v03.cpp.obj
[82/229] Building CXX object CMakeFiles\neoeng_immutable_fuzz.dir\apps\immutable_fuzz.cpp.obj
[83/229] Building CXX object CMakeFiles\neoeng_v04_benchmark.dir\apps\v04_benchmark.cpp.obj
[84/229] Building CXX object CMakeFiles\neoeng_active_fuzz.dir\apps\active_fuzz.cpp.obj
[85/229] Building CXX object CMakeFiles\neoeng_v05_benchmark.dir\apps\v05_benchmark.cpp.obj
[86/229] Building CXX object CMakeFiles\neoeng_v06_benchmark.dir\apps\v06_benchmark.cpp.obj
[87/229] Building CXX object CMakeFiles\neoeng_v06_fuzz.dir\apps\v06_fuzz.cpp.obj
[88/229] Building CXX object CMakeFiles\neoeng_v07_benchmark.dir\apps\v07_benchmark.cpp.obj
[89/229] Building CXX object CMakeFiles\neoeng_v07_fuzz.dir\apps\v07_fuzz.cpp.obj
[90/229] Building CXX object CMakeFiles\neoeng_v08_fuzz.dir\apps\v08_fuzz.cpp.obj
[91/229] Building CXX object CMakeFiles\neoeng_v08_benchmark.dir\apps\v08_benchmark.cpp.obj
[92/229] Building CXX object CMakeFiles\neoeng_v09_fuzz.dir\apps\v09_fuzz.cpp.obj
[93/229] Building CXX object CMakeFiles\neoeng_v09_benchmark.dir\apps\v09_benchmark.cpp.obj
[94/229] Building CXX object CMakeFiles\neoeng_v10_benchmark.dir\apps\v10_benchmark.cpp.obj
[95/229] Building CXX object CMakeFiles\neoeng_v10_fuzz.dir\apps\v10_fuzz.cpp.obj
[96/229] Building CXX object CMakeFiles\neoeng_v11_fuzz.dir\apps\v11_fuzz.cpp.obj
[97/229] Building CXX object CMakeFiles\neoeng_v11_benchmark.dir\apps\v11_benchmark.cpp.obj
[98/229] Building CXX object CMakeFiles\neoeng_v12_fuzz.dir\apps\v12_fuzz.cpp.obj
[99/229] Building CXX object CMakeFiles\neoeng_v12_benchmark.dir\apps\v12_benchmark.cpp.obj
[100/229] Building CXX object CMakeFiles\neoeng_v12_policy_benchmark.dir\apps\v12_policy_benchmark.cpp.obj
[101/229] Building CXX object CMakeFiles\neoeng_v13_benchmark.dir\apps\v13_benchmark.cpp.obj
[102/229] Building CXX object CMakeFiles\neoeng_v13_fuzz.dir\apps\v13_fuzz.cpp.obj
[103/229] Building CXX object CMakeFiles\neoeng_v14_benchmark.dir\apps\v14_benchmark.cpp.obj
[104/229] Building CXX object CMakeFiles\neoeng_v14_fuzz.dir\apps\v14_fuzz.cpp.obj
[105/229] Building CXX object CMakeFiles\neoeng_v15_benchmark.dir\apps\v15_benchmark.cpp.obj
[106/229] Building CXX object CMakeFiles\neoeng_v15_fuzz.dir\apps\v15_fuzz.cpp.obj
[107/229] Building CXX object CMakeFiles\neoeng_v17_fuzz.dir\apps\v17_fuzz.cpp.obj
[108/229] Building CXX object CMakeFiles\neoeng_v18_fuzz.dir\apps\v18_fuzz.cpp.obj
[109/229] Building CXX object CMakeFiles\neoeng_v19_fuzz.dir\apps\v19_fuzz.cpp.obj
[110/229] Building CXX object CMakeFiles\neoeng_v20_fuzz.dir\apps\v20_fuzz.cpp.obj
[111/229] Building CXX object CMakeFiles\neoeng_v21_fuzz.dir\apps\v21_fuzz.cpp.obj
[112/229] Building CXX object CMakeFiles\neoeng_v22_benchmark.dir\apps\v22_benchmark.cpp.obj
[113/229] Building CXX object CMakeFiles\neoeng_v22_fuzz.dir\apps\v22_fuzz.cpp.obj
[114/229] Building CXX object CMakeFiles\neoeng_v23_fuzz.dir\apps\v23_fuzz.cpp.obj
[115/229] Building CXX object CMakeFiles\neoeng_v24_fuzz.dir\apps\v24_fuzz.cpp.obj
[116/229] Building CXX object CMakeFiles\neoeng_v25_fuzz.dir\apps\v25_fuzz.cpp.obj
[117/229] Building CXX object CMakeFiles\neoeng_v26_benchmark.dir\apps\v26_benchmark.cpp.obj
[118/229] Building CXX object CMakeFiles\neoeng_v26_fuzz.dir\apps\v26_fuzz.cpp.obj
[119/229] Building CXX object CMakeFiles\neoeng_v27_fuzz.dir\apps\v27_fuzz.cpp.obj
[120/229] Building CXX object CMakeFiles\neoeng_v27_benchmark.dir\apps\v27_benchmark.cpp.obj
[121/229] Building CXX object CMakeFiles\neoeng_v28_raa_allocation_probe.dir\apps\v28_raa_allocation_probe.cpp.obj
[122/229] Building CXX object CMakeFiles\neoeng_v28_raa_selective_benchmark.dir\apps\v28_raa_selective_benchmark.cpp.obj
[123/229] Building CXX object CMakeFiles\neoeng_v28_bare_metal_rollback.dir\apps\v28_bare_metal_rollback.cpp.obj
[124/229] Building CXX object CMakeFiles\neoeng_v28_interval_arithmetic_audit.dir\apps\v28_interval_arithmetic_audit.cpp.obj
[125/229] Building CXX object CMakeFiles\neoeng_v28_raa_selective_fuzz.dir\apps\v28_raa_selective_fuzz.cpp.obj
[126/229] Building CXX object CMakeFiles\neoeng_v28_active_island_shadow.dir\apps\v28_active_island_shadow.cpp.obj
[127/229] Building CXX object CMakeFiles\neoeng_dcore_preclosure.dir\apps\v28_year1_preclosure.cpp.obj
[128/229] Building CXX object CMakeFiles\neoeng_v16_fuzz.dir\apps\v16_fuzz.cpp.obj
[129/229] Building CXX object CMakeFiles\neoeng_v28_raa_sanitizer_probe.dir\apps\v28_raa_sanitizer_probe.cpp.obj
[130/229] Building CXX object CMakeFiles\neoeng_v28_raa_decomposition_benchmark.dir\apps\v28_raa_decomposition_benchmark.cpp.obj
[131/229] Building CXX object CMakeFiles\neoeng_v28_raa_sanitizer_probe.dir\src\fixed_raa_microkernel.cpp.obj
[132/229] Building CXX object CMakeFiles\neoeng_v28_raa_decomposition_benchmark.dir\src\fixed_raa_decomposition.cpp.obj
[133/229] Building CXX object CMakeFiles\neoeng_v28_raa_selective_sanitizer.dir\apps\v28_raa_selective_fuzz.cpp.obj
[134/229] Building CXX object CMakeFiles\neoeng_v28_raa_selective_sanitizer.dir\src\fixed_raa_microkernel.cpp.obj
[135/229] Building CXX object CMakeFiles\neoeng_operational_hardening_tests.dir\tests\operational_hardening_tests.cpp.obj
[136/229] Building CXX object CMakeFiles\neoeng_tests.dir\tests\test_main.cpp.obj
[137/229] Building CXX object CMakeFiles\neoeng_session_recovery_contract_tests.dir\tests\session_recovery_contract_tests.cpp.obj
[138/229] Building CXX object CMakeFiles\neoeng_observability_support_tests.dir\tests\observability_support_tests.cpp.obj
[139/229] Building CXX object CMakeFiles\neoeng_state_evidence_tests.dir\tests\state_evidence_tests.cpp.obj
[140/229] Linking CXX static library modules\view_lab\neoeng_dcore_view_lab.lib
[141/229] Building CXX object CMakeFiles\neoeng_hardware_qualification_tests.dir\tests\hardware_qualification_tests.cpp.obj
[142/229] Building CXX object modules\view_lab\CMakeFiles\neoeng_dcore_view_lab_cli.dir\apps\view_lab_cli.cpp.obj
[143/229] Building CXX object modules\view_lab\CMakeFiles\neoeng_dcore_view_reference_tests.dir\tests\visibility_reference_tests.cpp.obj
[144/229] Linking CXX static library modules\host_sdk\neoeng_dcore_host_sdk.lib
[145/229] Building CXX object modules\host_sdk\CMakeFiles\neoeng_host_sdk_tests.dir\tests\host_sdk_tests.cpp.obj
[146/229] Building C object modules\host_sdk\CMakeFiles\neoeng_host_sdk_c_header_test.dir\tests\host_sdk_header_c.c.obj
[147/229] Building C object modules\host_sdk\CMakeFiles\neoeng_host_sdk_reference.dir\apps\host_sdk_reference.c.obj
[148/229] Building CXX object modules\view_lab\CMakeFiles\neoeng_dcore_view_lab_integration_tests.dir\tests\view_lab_integration_tests.cpp.obj
[149/229] Linking CXX executable neoeng_dcore_lab.exe
[150/229] Linking CXX executable neoeng_determinism_probe.exe
[151/229] Linking CXX executable neoeng_network_packet_fuzz.exe
[152/229] Linking CXX executable neoeng_session_security_probe.exe
[153/229] Linking CXX executable neoeng_session_handshake_fuzz.exe
[154/229] Linking CXX executable neoeng_time_travel_cli.exe
[155/229] Linking CXX executable neoeng_recovery_fault_injection.exe
[156/229] Linking CXX executable neoeng_recovery_contract_probe.exe
[157/229] Linking CXX executable neoeng_hardware_profile_probe.exe
[158/229] Linking CXX executable neoeng_ecs_maintenance_benchmark.exe
[159/229] Linking CXX executable neoeng_state_evidence_fuzz.exe
[160/229] Linking CXX executable neoeng_state_evidence_probe.exe
[161/229] Linking CXX executable neoeng_support_bundle_fuzz.exe
[162/229] Linking CXX executable neoeng_support_bundle_probe.exe
[163/229] Linking CXX executable neoeng_snapshot_benchmark.exe
[164/229] Linking CXX executable neoeng_benchmark.exe
[165/229] Linking CXX executable neoeng_adaptive_benchmark.exe
[166/229] Linking CXX executable neoeng_snapshot_fuzz.exe
[167/229] Linking CXX executable neoeng_rollback_matrix.exe
[168/229] Linking CXX executable neoeng_v04_benchmark.exe
[169/229] Linking CXX executable neoeng_immutable_fuzz.exe
[170/229] Linking CXX executable neoeng_v05_benchmark.exe
[171/229] Linking CXX executable neoeng_active_fuzz.exe
[172/229] Linking CXX executable neoeng_v06_benchmark.exe
[173/229] Linking CXX executable neoeng_v06_fuzz.exe
[174/229] Linking CXX executable neoeng_v07_benchmark.exe
[175/229] Linking CXX executable neoeng_v07_fuzz.exe
[176/229] Linking CXX executable neoeng_v08_benchmark.exe
[177/229] Linking CXX executable neoeng_v09_benchmark.exe
[178/229] Linking CXX executable neoeng_v08_fuzz.exe
[179/229] Linking CXX executable neoeng_v10_benchmark.exe
[180/229] Linking CXX executable neoeng_v09_fuzz.exe
[181/229] Linking CXX executable neoeng_v11_benchmark.exe
[182/229] Linking CXX executable neoeng_v10_fuzz.exe
[183/229] Linking CXX executable neoeng_v11_fuzz.exe
[184/229] Linking CXX executable neoeng_v12_benchmark.exe
[185/229] Linking CXX executable neoeng_v12_policy_benchmark.exe
[186/229] Linking CXX executable neoeng_v12_fuzz.exe
[187/229] Linking CXX executable neoeng_v13_benchmark.exe
[188/229] Linking CXX executable neoeng_v13_fuzz.exe
[189/229] Linking CXX executable neoeng_v14_benchmark.exe
[190/229] Linking CXX executable neoeng_v14_fuzz.exe
[191/229] Linking CXX executable neoeng_v15_benchmark.exe
[192/229] Linking CXX executable neoeng_v15_fuzz.exe
[193/229] Linking CXX executable neoeng_v18_fuzz.exe
[194/229] Linking CXX executable neoeng_v17_fuzz.exe
[195/229] Linking CXX executable neoeng_v19_fuzz.exe
[196/229] Linking CXX executable neoeng_v20_fuzz.exe
[197/229] Linking CXX executable neoeng_v22_benchmark.exe
[198/229] Linking CXX executable neoeng_v21_fuzz.exe
[199/229] Linking CXX executable neoeng_v23_fuzz.exe
[200/229] Linking CXX executable neoeng_v22_fuzz.exe
[201/229] Linking CXX executable neoeng_v25_fuzz.exe
[202/229] Linking CXX executable neoeng_v24_fuzz.exe
[203/229] Linking CXX executable neoeng_v26_fuzz.exe
[204/229] Linking CXX executable neoeng_v26_benchmark.exe
[205/229] Linking CXX executable neoeng_v27_fuzz.exe
[206/229] Linking CXX executable neoeng_v27_benchmark.exe
[207/229] Linking CXX executable neoeng_v28_raa_allocation_probe.exe
[208/229] Linking CXX executable neoeng_v28_bare_metal_rollback.exe
[209/229] Linking CXX executable neoeng_v28_raa_selective_benchmark.exe
[210/229] Linking CXX executable neoeng_v28_raa_selective_fuzz.exe
[211/229] Linking CXX executable neoeng_v28_interval_arithmetic_audit.exe
[212/229] Linking CXX executable neoeng_v28_active_island_shadow.exe
[213/229] Linking CXX executable neoeng_dcore_preclosure.exe
[214/229] Linking CXX executable neoeng_v16_fuzz.exe
[215/229] Linking CXX executable neoeng_v28_raa_sanitizer_probe.exe
[216/229] Linking CXX executable neoeng_v28_raa_decomposition_benchmark.exe
[217/229] Linking CXX executable neoeng_v28_raa_selective_sanitizer.exe
[218/229] Linking CXX executable neoeng_tests.exe
[219/229] Linking CXX executable neoeng_operational_hardening_tests.exe
[220/229] Linking CXX executable neoeng_session_recovery_contract_tests.exe
[221/229] Linking CXX executable neoeng_observability_support_tests.exe
[222/229] Linking CXX executable neoeng_state_evidence_tests.exe
[223/229] Linking CXX executable neoeng_hardware_qualification_tests.exe
[224/229] Linking CXX executable modules\view_lab\neoeng_dcore_view_lab_cli.exe
[225/229] Linking CXX executable modules\view_lab\neoeng_dcore_view_reference_tests.exe
[226/229] Linking CXX executable modules\view_lab\neoeng_dcore_view_lab_integration_tests.exe
[227/229] Linking CXX executable modules\host_sdk\neoeng_host_sdk_tests.exe
[228/229] Linking CXX executable modules\host_sdk\neoeng_host_sdk_c_header_test.exe
[229/229] Linking CXX executable modules\host_sdk\neoeng_host_sdk_reference.exe
