[1/80] Building CXX object CMakeFiles/neoeng_dcore.dir/src/crypto_hash.cpp.o
[2/80] Building CXX object CMakeFiles/neoeng_dcore.dir/src/hash.cpp.o
[3/80] Building CXX object CMakeFiles/neoeng_dcore.dir/src/diagnostics.cpp.o
[4/80] Building CXX object CMakeFiles/neoeng_dcore.dir/src/state_evidence.cpp.o
[5/80] Building CXX object CMakeFiles/neoeng_dcore.dir/src/simulation.cpp.o
[6/80] Building CXX object CMakeFiles/neoeng_dcore.dir/src/rollback.cpp.o
[7/80] Building CXX object CMakeFiles/neoeng_dcore.dir/src/support_bundle.cpp.o
[8/80] Building CXX object CMakeFiles/neoeng_dcore.dir/src/immutable_rollback.cpp.o
[9/80] Building CXX object CMakeFiles/neoeng_dcore.dir/src/immutable_world.cpp.o
[10/80] Building CXX object CMakeFiles/neoeng_dcore.dir/src/offline_oracle.cpp.o
[11/80] Building CXX object CMakeFiles/neoeng_dcore.dir/src/persistent_checkpoint.cpp.o
[12/80] Building CXX object CMakeFiles/neoeng_dcore.dir/src/snapshot_store.cpp.o
[13/80] Building CXX object CMakeFiles/neoeng_dcore.dir/src/active_world.cpp.o
[14/80] Building CXX object CMakeFiles/neoeng_dcore.dir/src/contextual_policy.cpp.o
[15/80] Building CXX object CMakeFiles/neoeng_dcore.dir/src/fixed_simd.cpp.o
[16/80] Building CXX object CMakeFiles/neoeng_dcore.dir/src/fixed_slot_allocator.cpp.o
[17/80] Building CXX object CMakeFiles/neoeng_dcore.dir/src/component_world.cpp.o
[18/80] Building CXX object CMakeFiles/neoeng_dcore.dir/src/radix_world.cpp.o
[19/80] Building CXX object CMakeFiles/neoeng_dcore.dir/src/uncertainty_lab.cpp.o
[20/80] Building CXX object CMakeFiles/neoeng_dcore.dir/src/fixed_raa_active_island_shadow.cpp.o
[21/80] Building CXX object CMakeFiles/neoeng_dcore.dir/src/fixed_raa_microkernel.cpp.o
[22/80] Building CXX object CMakeFiles/neoeng_dcore.dir/src/epoch_arena.cpp.o
[23/80] Building CXX object CMakeFiles/neoeng_dcore.dir/src/broadphase.cpp.o
[24/80] Building CXX object CMakeFiles/neoeng_dcore.dir/src/chain_solver.cpp.o
[25/80] Building CXX object CMakeFiles/neoeng_dcore.dir/src/temporal_contact.cpp.o
[26/80] Building CXX object CMakeFiles/neoeng_dcore.dir/src/contact_solver.cpp.o
[27/80] Building CXX object CMakeFiles/neoeng_dcore.dir/src/interactive_rollback.cpp.o
[28/80] Building CXX object CMakeFiles/neoeng_dcore.dir/src/island_runtime.cpp.o
[29/80] Building CXX object CMakeFiles/neoeng_dcore.dir/src/advanced_island_solver.cpp.o
[30/80] Building CXX object CMakeFiles/neoeng_dcore.dir/src/general_lcp_solver.cpp.o
[31/80] Building CXX object CMakeFiles/neoeng_dcore.dir/src/arbitrary_normal_projection.cpp.o
[32/80] Building CXX object CMakeFiles/neoeng_dcore.dir/src/weighted_contact_projection.cpp.o
[33/80] Building CXX object CMakeFiles/neoeng_dcore.dir/src/axis_forest_projection.cpp.o
[34/80] Building CXX object CMakeFiles/neoeng_dcore.dir/src/atomic_physics.cpp.o
[35/80] Building CXX object CMakeFiles/neoeng_dcore.dir/src/weighted_tree_projection.cpp.o
[36/80] Building CXX object CMakeFiles/neoeng_dcore.dir/src/paged_atomic_temporal_physics.cpp.o
[37/80] Building CXX object CMakeFiles/neoeng_dcore.dir/src/paged_atomic_history.cpp.o
[38/80] Building CXX object CMakeFiles/neoeng_dcore.dir/src/island_pair_cache.cpp.o
[39/80] Building CXX object CMakeFiles/neoeng_dcore.dir/src/atomic_temporal_physics.cpp.o
[40/80] Building CXX object CMakeFiles/neoeng_dcore.dir/src/small_oblique_grid_oracle.cpp.o
[41/80] Building CXX object CMakeFiles/neoeng_dcore.dir/src/oblique_tree_grid_dp.cpp.o
[42/80] Building CXX object CMakeFiles/neoeng_dcore.dir/src/versioned_island_pair_history.cpp.o
[43/80] Building CXX object CMakeFiles/neoeng_dcore.dir/src/dynamic_island_pair_history.cpp.o
[44/80] Building CXX object CMakeFiles/neoeng_dcore.dir/src/authoritative_paged_temporal_physics.cpp.o
[45/80] Building CXX object CMakeFiles/neoeng_dcore.dir/src/segmented_dynamic_pair_history.cpp.o
[46/80] Building CXX object CMakeFiles/neoeng_dcore.dir/src/oblique_star_projection.cpp.o
[47/80] Building CXX object CMakeFiles/neoeng_dcore.dir/src/paged_segmented_pair_history.cpp.o
[48/80] Building CXX object CMakeFiles/neoeng_dcore.dir/src/segmented_authoritative_paged_temporal_physics.cpp.o
[49/80] Building CXX object CMakeFiles/neoeng_dcore.dir/src/network_security.cpp.o
[50/80] Building CXX object CMakeFiles/neoeng_dcore.dir/src/session_security.cpp.o
[51/80] Building CXX object CMakeFiles/neoeng_dcore.dir/src/recovery.cpp.o
[52/80] Building CXX object CMakeFiles/neoeng_dcore.dir/src/exact_oblique_tree_oracle.cpp.o
[53/80] Building CXX object CMakeFiles/neoeng_dcore.dir/src/recovery_contract.cpp.o
[54/80] Building CXX object CMakeFiles/neoeng_dcore.dir/src/hardware_profile.cpp.o
[55/80] Building CXX object CMakeFiles/neoeng_dcore.dir/src/observability.cpp.o
[56/80] Building CXX object CMakeFiles/neoeng_dcore.dir/src/visual_correlation.cpp.o
[57/80] Building CXX object CMakeFiles/neoeng_dcore.dir/src/operational_runtime.cpp.o
[58/80] Linking CXX static library libneoeng_dcore.a
[59/80] Building CXX object modules/host_sdk/CMakeFiles/neoeng_dcore_host_sdk.dir/src/dcore_host.cpp.o
[60/80] Building CXX object CMakeFiles/neoeng_ecs_maintenance_benchmark.dir/apps/ecs_maintenance_benchmark.cpp.o
[61/80] Building CXX object CMakeFiles/neoeng_operational_hardening_tests.dir/tests/operational_hardening_tests.cpp.o
[62/80] Building CXX object CMakeFiles/neoeng_session_recovery_contract_tests.dir/tests/session_recovery_contract_tests.cpp.o
[63/80] Building CXX object CMakeFiles/neoeng_observability_support_tests.dir/tests/observability_support_tests.cpp.o
[64/80] Building CXX object CMakeFiles/neoeng_hardware_qualification_tests.dir/tests/hardware_qualification_tests.cpp.o
[65/80] Linking CXX static library modules/host_sdk/libneoeng_dcore_host_sdk.a
[66/80] Building CXX object CMakeFiles/neoeng_state_evidence_tests.dir/tests/state_evidence_tests.cpp.o
[67/80] Building C object modules/host_sdk/CMakeFiles/neoeng_host_sdk_c_header_test.dir/tests/host_sdk_header_c.c.o
[68/80] Building C object modules/host_sdk/CMakeFiles/neoeng_host_sdk_reference.dir/apps/host_sdk_reference.c.o
[69/80] Building CXX object modules/host_sdk/CMakeFiles/neoeng_host_sdk_tests.dir/tests/host_sdk_tests.cpp.o
[70/80] Linking CXX executable neoeng_ecs_maintenance_benchmark
[71/80] Linking CXX executable neoeng_operational_hardening_tests
[72/80] Linking CXX executable neoeng_session_recovery_contract_tests
[73/80] Linking CXX executable neoeng_observability_support_tests
[74/80] Linking CXX executable neoeng_state_evidence_tests
[75/80] Linking CXX executable neoeng_hardware_qualification_tests
[76/80] Linking CXX executable modules/host_sdk/neoeng_host_sdk_tests
[77/80] Linking CXX executable modules/host_sdk/neoeng_host_sdk_c_header_test
[78/80] Linking CXX executable modules/host_sdk/neoeng_host_sdk_reference
[79/80] Building CXX object CMakeFiles/neoeng_tests.dir/tests/test_main.cpp.o
[80/80] Linking CXX executable neoeng_tests
