[1/247] Building CXX object CMakeFiles/neoeng_dcore.dir/src/crypto_hash.cpp.o
[2/247] Building CXX object CMakeFiles/neoeng_dcore.dir/src/hash.cpp.o
[3/247] Building CXX object CMakeFiles/neoeng_dcore.dir/src/state_evidence.cpp.o
[4/247] Building CXX object CMakeFiles/neoeng_dcore.dir/src/diagnostics.cpp.o
[5/247] Building CXX object CMakeFiles/neoeng_dcore.dir/src/simulation.cpp.o
[6/247] Building CXX object CMakeFiles/neoeng_dcore.dir/src/support_bundle.cpp.o
[7/247] Building CXX object CMakeFiles/neoeng_dcore.dir/src/rollback.cpp.o
[8/247] Building CXX object CMakeFiles/neoeng_dcore.dir/src/immutable_world.cpp.o
[9/247] Building CXX object CMakeFiles/neoeng_dcore.dir/src/immutable_rollback.cpp.o
[10/247] Building CXX object CMakeFiles/neoeng_dcore.dir/src/offline_oracle.cpp.o
[11/247] Building CXX object CMakeFiles/neoeng_dcore.dir/src/snapshot_store.cpp.o
[12/247] Building CXX object CMakeFiles/neoeng_dcore.dir/src/persistent_checkpoint.cpp.o
[13/247] Building CXX object CMakeFiles/neoeng_dcore.dir/src/active_world.cpp.o
[14/247] Building CXX object CMakeFiles/neoeng_dcore.dir/src/contextual_policy.cpp.o
[15/247] Building CXX object CMakeFiles/neoeng_dcore.dir/src/component_world.cpp.o
[16/247] Building CXX object CMakeFiles/neoeng_dcore.dir/src/radix_world.cpp.o
[17/247] Building CXX object CMakeFiles/neoeng_dcore.dir/src/fixed_simd.cpp.o
[18/247] Building CXX object CMakeFiles/neoeng_dcore.dir/src/fixed_slot_allocator.cpp.o
[19/247] Building CXX object CMakeFiles/neoeng_dcore.dir/src/uncertainty_lab.cpp.o
[20/247] Building CXX object CMakeFiles/neoeng_dcore.dir/src/fixed_raa_microkernel.cpp.o
[21/247] Building CXX object CMakeFiles/neoeng_dcore.dir/src/fixed_raa_active_island_shadow.cpp.o
[22/247] Building CXX object CMakeFiles/neoeng_dcore.dir/src/epoch_arena.cpp.o
[23/247] Building CXX object CMakeFiles/neoeng_dcore.dir/src/broadphase.cpp.o
[24/247] Building CXX object CMakeFiles/neoeng_dcore.dir/src/chain_solver.cpp.o
[25/247] Building CXX object CMakeFiles/neoeng_dcore.dir/src/contact_solver.cpp.o
[26/247] Building CXX object CMakeFiles/neoeng_dcore.dir/src/temporal_contact.cpp.o
[27/247] Building CXX object CMakeFiles/neoeng_dcore.dir/src/interactive_rollback.cpp.o
[28/247] Building CXX object CMakeFiles/neoeng_dcore.dir/src/island_runtime.cpp.o
[29/247] Building CXX object CMakeFiles/neoeng_dcore.dir/src/advanced_island_solver.cpp.o
[30/247] Building CXX object CMakeFiles/neoeng_dcore.dir/src/general_lcp_solver.cpp.o
[31/247] Building CXX object CMakeFiles/neoeng_dcore.dir/src/axis_forest_projection.cpp.o
[32/247] Building CXX object CMakeFiles/neoeng_dcore.dir/src/weighted_contact_projection.cpp.o
[33/247] Building CXX object CMakeFiles/neoeng_dcore.dir/src/arbitrary_normal_projection.cpp.o
[34/247] Building CXX object CMakeFiles/neoeng_dcore.dir/src/weighted_tree_projection.cpp.o
[35/247] Building CXX object CMakeFiles/neoeng_dcore.dir/src/atomic_physics.cpp.o
[36/247] Building CXX object CMakeFiles/neoeng_dcore.dir/src/paged_atomic_history.cpp.o
[37/247] Building CXX object CMakeFiles/neoeng_dcore.dir/src/paged_atomic_temporal_physics.cpp.o
[38/247] Building CXX object CMakeFiles/neoeng_dcore.dir/src/atomic_temporal_physics.cpp.o
[39/247] Building CXX object CMakeFiles/neoeng_dcore.dir/src/small_oblique_grid_oracle.cpp.o
[40/247] Building CXX object CMakeFiles/neoeng_dcore.dir/src/island_pair_cache.cpp.o
[41/247] Building CXX object CMakeFiles/neoeng_dcore.dir/src/versioned_island_pair_history.cpp.o
[42/247] Building CXX object CMakeFiles/neoeng_dcore.dir/src/oblique_tree_grid_dp.cpp.o
[43/247] Building CXX object CMakeFiles/neoeng_dcore.dir/src/dynamic_island_pair_history.cpp.o
[44/247] Building CXX object CMakeFiles/neoeng_dcore.dir/src/authoritative_paged_temporal_physics.cpp.o
[45/247] Building CXX object CMakeFiles/neoeng_dcore.dir/src/segmented_dynamic_pair_history.cpp.o
[46/247] Building CXX object CMakeFiles/neoeng_dcore.dir/src/exact_oblique_tree_oracle.cpp.o
[47/247] Building CXX object CMakeFiles/neoeng_dcore.dir/src/paged_segmented_pair_history.cpp.o
[48/247] Building CXX object CMakeFiles/neoeng_dcore.dir/src/segmented_authoritative_paged_temporal_physics.cpp.o
[49/247] Building CXX object CMakeFiles/neoeng_dcore.dir/src/network_security.cpp.o
[50/247] Building CXX object CMakeFiles/neoeng_dcore.dir/src/session_security.cpp.o
[51/247] Building CXX object CMakeFiles/neoeng_dcore.dir/src/recovery.cpp.o
[52/247] Building CXX object CMakeFiles/neoeng_dcore.dir/src/oblique_star_projection.cpp.o
[53/247] Building CXX object CMakeFiles/neoeng_dcore.dir/src/hardware_profile.cpp.o
[54/247] Building CXX object CMakeFiles/neoeng_dcore.dir/src/recovery_contract.cpp.o
[55/247] Building CXX object CMakeFiles/neoeng_dcore.dir/src/observability.cpp.o
[56/247] Building CXX object modules/view_lab/CMakeFiles/neoeng_dcore_view_reference.dir/vendor/year2/src/visibility_buffer.cpp.o
[57/247] Linking CXX static library modules/view_lab/libneoeng_dcore_view_reference.a
[58/247] Building CXX object CMakeFiles/neoeng_dcore.dir/src/visual_correlation.cpp.o
[59/247] Building CXX object CMakeFiles/neoeng_dcore.dir/src/operational_runtime.cpp.o
[60/247] Linking CXX static library libneoeng_dcore.a
[61/247] Building CXX object modules/view_lab/CMakeFiles/neoeng_dcore_view_lab.dir/src/view_lab.cpp.o
[62/247] Building CXX object CMakeFiles/neoeng_dcore_lab.dir/apps/core_lab_main.cpp.o
[63/247] Building CXX object modules/host_sdk/CMakeFiles/neoeng_dcore_host_sdk.dir/src/dcore_host.cpp.o
[64/247] Building CXX object CMakeFiles/neoeng_session_security_probe.dir/apps/session_security_probe.cpp.o
[65/247] Building CXX object CMakeFiles/neoeng_network_packet_fuzz.dir/apps/network_packet_fuzz.cpp.o
[66/247] Building CXX object CMakeFiles/neoeng_determinism_probe.dir/apps/determinism_probe.cpp.o
[67/247] Building CXX object CMakeFiles/neoeng_session_handshake_fuzz.dir/apps/session_handshake_fuzz.cpp.o
[68/247] Building CXX object CMakeFiles/neoeng_recovery_fault_injection.dir/apps/recovery_fault_injection.cpp.o
[69/247] Building CXX object CMakeFiles/neoeng_time_travel_cli.dir/apps/dcore_time_travel_cli.cpp.o
[70/247] Building CXX object CMakeFiles/neoeng_recovery_contract_probe.dir/apps/recovery_contract_probe.cpp.o
[71/247] Building CXX object CMakeFiles/neoeng_state_evidence_probe.dir/apps/state_evidence_probe.cpp.o
[72/247] Building CXX object CMakeFiles/neoeng_hardware_profile_probe.dir/apps/hardware_profile_probe.cpp.o
[73/247] Building CXX object CMakeFiles/neoeng_ecs_maintenance_benchmark.dir/apps/ecs_maintenance_benchmark.cpp.o
[74/247] Building CXX object CMakeFiles/neoeng_state_evidence_fuzz.dir/apps/state_evidence_fuzz.cpp.o
[75/247] Building CXX object CMakeFiles/neoeng_support_bundle_probe.dir/apps/support_bundle_probe.cpp.o
[76/247] Building CXX object CMakeFiles/neoeng_support_bundle_fuzz.dir/apps/support_bundle_fuzz.cpp.o
[77/247] Building CXX object CMakeFiles/neoeng_benchmark.dir/apps/benchmark.cpp.o
[78/247] Building CXX object CMakeFiles/neoeng_snapshot_benchmark.dir/apps/snapshot_benchmark.cpp.o
[79/247] Building CXX object CMakeFiles/neoeng_snapshot_fuzz.dir/apps/snapshot_fuzz.cpp.o
[80/247] Building CXX object CMakeFiles/neoeng_adaptive_benchmark.dir/apps/adaptive_benchmark.cpp.o
[81/247] Building CXX object CMakeFiles/neoeng_rollback_matrix.dir/apps/rollback_matrix_v03.cpp.o
[82/247] Building CXX object CMakeFiles/neoeng_immutable_fuzz.dir/apps/immutable_fuzz.cpp.o
[83/247] Building CXX object CMakeFiles/neoeng_v04_benchmark.dir/apps/v04_benchmark.cpp.o
[84/247] Building CXX object CMakeFiles/neoeng_active_fuzz.dir/apps/active_fuzz.cpp.o
[85/247] Building CXX object CMakeFiles/neoeng_v05_benchmark.dir/apps/v05_benchmark.cpp.o
[86/247] Building CXX object CMakeFiles/neoeng_v06_benchmark.dir/apps/v06_benchmark.cpp.o
[87/247] Building CXX object CMakeFiles/neoeng_v06_fuzz.dir/apps/v06_fuzz.cpp.o
[88/247] Building CXX object CMakeFiles/neoeng_v07_fuzz.dir/apps/v07_fuzz.cpp.o
[89/247] Building CXX object CMakeFiles/neoeng_v07_benchmark.dir/apps/v07_benchmark.cpp.o
[90/247] Building CXX object CMakeFiles/neoeng_v08_benchmark.dir/apps/v08_benchmark.cpp.o
[91/247] Building CXX object CMakeFiles/neoeng_v09_benchmark.dir/apps/v09_benchmark.cpp.o
[92/247] Building CXX object CMakeFiles/neoeng_v08_fuzz.dir/apps/v08_fuzz.cpp.o
[93/247] Building CXX object CMakeFiles/neoeng_v09_fuzz.dir/apps/v09_fuzz.cpp.o
[94/247] Building CXX object CMakeFiles/neoeng_v10_benchmark.dir/apps/v10_benchmark.cpp.o
[95/247] Building CXX object CMakeFiles/neoeng_v10_fuzz.dir/apps/v10_fuzz.cpp.o
[96/247] Building CXX object CMakeFiles/neoeng_v11_benchmark.dir/apps/v11_benchmark.cpp.o
[97/247] Building CXX object CMakeFiles/neoeng_v11_fuzz.dir/apps/v11_fuzz.cpp.o
[98/247] Building CXX object CMakeFiles/neoeng_v12_fuzz.dir/apps/v12_fuzz.cpp.o
[99/247] Building CXX object CMakeFiles/neoeng_v12_benchmark.dir/apps/v12_benchmark.cpp.o
[100/247] Building CXX object CMakeFiles/neoeng_v12_policy_benchmark.dir/apps/v12_policy_benchmark.cpp.o
[101/247] Building CXX object CMakeFiles/neoeng_v14_benchmark.dir/apps/v14_benchmark.cpp.o
[102/247] Building CXX object CMakeFiles/neoeng_v13_fuzz.dir/apps/v13_fuzz.cpp.o
[103/247] Building CXX object CMakeFiles/neoeng_v13_benchmark.dir/apps/v13_benchmark.cpp.o
[104/247] Building CXX object CMakeFiles/neoeng_v15_fuzz.dir/apps/v15_fuzz.cpp.o
[105/247] Building CXX object CMakeFiles/neoeng_v14_fuzz.dir/apps/v14_fuzz.cpp.o
[106/247] Building CXX object CMakeFiles/neoeng_v15_benchmark.dir/apps/v15_benchmark.cpp.o
[107/247] Building CXX object CMakeFiles/neoeng_v17_fuzz.dir/apps/v17_fuzz.cpp.o
[108/247] Building CXX object CMakeFiles/neoeng_v18_fuzz.dir/apps/v18_fuzz.cpp.o
[109/247] Building CXX object CMakeFiles/neoeng_v19_fuzz.dir/apps/v19_fuzz.cpp.o
[110/247] Building CXX object CMakeFiles/neoeng_v20_fuzz.dir/apps/v20_fuzz.cpp.o
[111/247] Building CXX object CMakeFiles/neoeng_v21_fuzz.dir/apps/v21_fuzz.cpp.o
[112/247] Building CXX object CMakeFiles/neoeng_v22_benchmark.dir/apps/v22_benchmark.cpp.o
[113/247] Building CXX object CMakeFiles/neoeng_v23_fuzz.dir/apps/v23_fuzz.cpp.o
[114/247] Building CXX object CMakeFiles/neoeng_v22_fuzz.dir/apps/v22_fuzz.cpp.o
[115/247] Building CXX object CMakeFiles/neoeng_v24_fuzz.dir/apps/v24_fuzz.cpp.o
[116/247] Building CXX object CMakeFiles/neoeng_v26_benchmark.dir/apps/v26_benchmark.cpp.o
[117/247] Building CXX object CMakeFiles/neoeng_v26_fuzz.dir/apps/v26_fuzz.cpp.o
[118/247] Building CXX object CMakeFiles/neoeng_v27_fuzz.dir/apps/v27_fuzz.cpp.o
[119/247] Building CXX object CMakeFiles/neoeng_v28_raa_allocation_probe.dir/apps/v28_raa_allocation_probe.cpp.o
[120/247] Building CXX object CMakeFiles/neoeng_v25_fuzz.dir/apps/v25_fuzz.cpp.o
[121/247] Building CXX object CMakeFiles/neoeng_v28_bare_metal_rollback.dir/apps/v28_bare_metal_rollback.cpp.o
[122/247] Building CXX object CMakeFiles/neoeng_v28_raa_selective_benchmark.dir/apps/v28_raa_selective_benchmark.cpp.o
[123/247] Building CXX object CMakeFiles/neoeng_v28_interval_arithmetic_audit.dir/apps/v28_interval_arithmetic_audit.cpp.o
[124/247] Building CXX object CMakeFiles/neoeng_v28_raa_selective_fuzz.dir/apps/v28_raa_selective_fuzz.cpp.o
[125/247] Building CXX object CMakeFiles/neoeng_v27_benchmark.dir/apps/v27_benchmark.cpp.o
[126/247] Building CXX object CMakeFiles/neoeng_v28_active_island_shadow.dir/apps/v28_active_island_shadow.cpp.o
[127/247] Building CXX object CMakeFiles/neoeng_v16_fuzz.dir/apps/v16_fuzz.cpp.o
[128/247] Building CXX object CMakeFiles/neoeng_dcore_preclosure.dir/apps/v28_year1_preclosure.cpp.o
[129/247] Building CXX object CMakeFiles/neoeng_v16_benchmark.dir/apps/v16_benchmark.cpp.o
[130/247] Building CXX object CMakeFiles/neoeng_v17_benchmark.dir/apps/v17_benchmark.cpp.o
[131/247] Building CXX object CMakeFiles/neoeng_v19_benchmark.dir/apps/v19_benchmark.cpp.o
[132/247] Building CXX object CMakeFiles/neoeng_v18_benchmark.dir/apps/v18_benchmark.cpp.o
[133/247] Building CXX object CMakeFiles/neoeng_v20_benchmark.dir/apps/v20_benchmark.cpp.o
[134/247] Building CXX object CMakeFiles/neoeng_v21_benchmark.dir/apps/v21_benchmark.cpp.o
[135/247] Building CXX object CMakeFiles/neoeng_v23_benchmark.dir/apps/v23_benchmark.cpp.o
[136/247] Building CXX object CMakeFiles/neoeng_v28_raa_sanitizer_probe.dir/apps/v28_raa_sanitizer_probe.cpp.o
[137/247] Building CXX object CMakeFiles/neoeng_v24_benchmark.dir/apps/v24_benchmark.cpp.o
[138/247] Building CXX object CMakeFiles/neoeng_v28_raa_decomposition_benchmark.dir/apps/v28_raa_decomposition_benchmark.cpp.o
[139/247] Building CXX object CMakeFiles/neoeng_v28_raa_sanitizer_probe.dir/src/fixed_raa_microkernel.cpp.o
[140/247] Building CXX object CMakeFiles/neoeng_v28_raa_decomposition_benchmark.dir/src/fixed_raa_decomposition.cpp.o
[141/247] Building CXX object CMakeFiles/neoeng_v25_benchmark.dir/apps/v25_benchmark.cpp.o
[142/247] Building CXX object CMakeFiles/neoeng_v28_raa_selective_sanitizer.dir/apps/v28_raa_selective_fuzz.cpp.o
[143/247] Building CXX object CMakeFiles/neoeng_v28_raa_selective_sanitizer.dir/src/fixed_raa_microkernel.cpp.o
[144/247] Building CXX object CMakeFiles/neoeng_operational_hardening_tests.dir/tests/operational_hardening_tests.cpp.o
[145/247] Building CXX object CMakeFiles/neoeng_session_recovery_contract_tests.dir/tests/session_recovery_contract_tests.cpp.o
[146/247] Building CXX object CMakeFiles/neoeng_state_evidence_tests.dir/tests/state_evidence_tests.cpp.o
[147/247] Building CXX object CMakeFiles/neoeng_observability_support_tests.dir/tests/observability_support_tests.cpp.o
[148/247] Linking CXX static library modules/view_lab/libneoeng_dcore_view_lab.a
[149/247] Building CXX object CMakeFiles/neoeng_tests.dir/tests/test_main.cpp.o
[150/247] Building CXX object CMakeFiles/neoeng_hardware_qualification_tests.dir/tests/hardware_qualification_tests.cpp.o
[151/247] Building CXX object modules/view_lab/CMakeFiles/neoeng_dcore_view_lab_cli.dir/apps/view_lab_cli.cpp.o
[152/247] Linking CXX static library modules/host_sdk/libneoeng_dcore_host_sdk.a
[153/247] Building CXX object modules/view_lab/CMakeFiles/neoeng_dcore_view_reference_tests.dir/tests/visibility_reference_tests.cpp.o
[154/247] Building C object modules/host_sdk/CMakeFiles/neoeng_host_sdk_c_header_test.dir/tests/host_sdk_header_c.c.o
[155/247] Building C object modules/host_sdk/CMakeFiles/neoeng_host_sdk_reference.dir/apps/host_sdk_reference.c.o
[156/247] Linking CXX executable neoeng_dcore_lab
[157/247] Linking CXX executable neoeng_determinism_probe
[158/247] Linking CXX executable neoeng_network_packet_fuzz
[159/247] Building CXX object modules/view_lab/CMakeFiles/neoeng_dcore_view_lab_integration_tests.dir/tests/view_lab_integration_tests.cpp.o
[160/247] Linking CXX executable neoeng_session_security_probe
[161/247] Linking CXX executable neoeng_session_handshake_fuzz
[162/247] Linking CXX executable neoeng_recovery_fault_injection
[163/247] Linking CXX executable neoeng_time_travel_cli
[164/247] Linking CXX executable neoeng_recovery_contract_probe
[165/247] Linking CXX executable neoeng_hardware_profile_probe
[166/247] Linking CXX executable neoeng_ecs_maintenance_benchmark
[167/247] Linking CXX executable neoeng_state_evidence_probe
[168/247] Building CXX object modules/host_sdk/CMakeFiles/neoeng_host_sdk_tests.dir/tests/host_sdk_tests.cpp.o
[169/247] Linking CXX executable neoeng_state_evidence_fuzz
[170/247] Linking CXX executable neoeng_support_bundle_probe
[171/247] Linking CXX executable neoeng_support_bundle_fuzz
[172/247] Linking CXX executable neoeng_benchmark
[173/247] Linking CXX executable neoeng_snapshot_benchmark
[174/247] Linking CXX executable neoeng_adaptive_benchmark
[175/247] Linking CXX executable neoeng_snapshot_fuzz
[176/247] Linking CXX executable neoeng_rollback_matrix
[177/247] Linking CXX executable neoeng_immutable_fuzz
[178/247] Linking CXX executable neoeng_v04_benchmark
[179/247] Linking CXX executable neoeng_v05_benchmark
[180/247] Linking CXX executable neoeng_active_fuzz
[181/247] Linking CXX executable neoeng_v06_benchmark
[182/247] Linking CXX executable neoeng_v06_fuzz
[183/247] Linking CXX executable neoeng_v07_benchmark
[184/247] Linking CXX executable neoeng_v07_fuzz
[185/247] Linking CXX executable neoeng_v08_benchmark
[186/247] Linking CXX executable neoeng_v08_fuzz
[187/247] Linking CXX executable neoeng_v09_benchmark
[188/247] Linking CXX executable neoeng_v09_fuzz
[189/247] Linking CXX executable neoeng_v10_benchmark
[190/247] Linking CXX executable neoeng_v10_fuzz
[191/247] Linking CXX executable neoeng_v11_benchmark
[192/247] Linking CXX executable neoeng_v11_fuzz
[193/247] Linking CXX executable neoeng_v12_fuzz
[194/247] Linking CXX executable neoeng_v12_benchmark
[195/247] Linking CXX executable neoeng_v12_policy_benchmark
[196/247] Linking CXX executable neoeng_v13_benchmark
[197/247] Linking CXX executable neoeng_v13_fuzz
[198/247] Linking CXX executable neoeng_v14_benchmark
[199/247] Linking CXX executable neoeng_v14_fuzz
[200/247] Linking CXX executable neoeng_v15_benchmark
[201/247] Linking CXX executable neoeng_v15_fuzz
[202/247] Linking CXX executable neoeng_v17_fuzz
[203/247] Linking CXX executable neoeng_v18_fuzz
[204/247] Linking CXX executable neoeng_v19_fuzz
[205/247] Linking CXX executable neoeng_v20_fuzz
[206/247] Linking CXX executable neoeng_v21_fuzz
[207/247] Linking CXX executable neoeng_v22_benchmark
[208/247] Linking CXX executable neoeng_v22_fuzz
[209/247] Linking CXX executable neoeng_v23_fuzz
[210/247] Linking CXX executable neoeng_v24_fuzz
[211/247] Linking CXX executable neoeng_v25_fuzz
[212/247] Linking CXX executable neoeng_v26_fuzz
[213/247] Linking CXX executable neoeng_v26_benchmark
[214/247] Linking CXX executable neoeng_v27_fuzz
[215/247] Linking CXX executable neoeng_v27_benchmark
[216/247] Linking CXX executable neoeng_v28_raa_allocation_probe
[217/247] Linking CXX executable neoeng_v28_bare_metal_rollback
[218/247] Linking CXX executable neoeng_v28_raa_selective_benchmark
[219/247] Linking CXX executable neoeng_v28_raa_selective_fuzz
[220/247] Linking CXX executable neoeng_v28_interval_arithmetic_audit
[221/247] Linking CXX executable neoeng_v28_active_island_shadow
[222/247] Linking CXX executable neoeng_dcore_preclosure
[223/247] Linking CXX executable neoeng_v16_fuzz
[224/247] Linking CXX executable neoeng_v17_benchmark
[225/247] Linking CXX executable neoeng_v16_benchmark
[226/247] Linking CXX executable neoeng_v18_benchmark
[227/247] Linking CXX executable neoeng_v19_benchmark
[228/247] Linking CXX executable neoeng_v20_benchmark
[229/247] Linking CXX executable neoeng_v21_benchmark
[230/247] Linking CXX executable neoeng_v23_benchmark
[231/247] Linking CXX executable neoeng_v24_benchmark
[232/247] Linking CXX executable neoeng_v25_benchmark
[233/247] Linking CXX executable neoeng_v28_raa_sanitizer_probe
[234/247] Linking CXX executable neoeng_v28_raa_decomposition_benchmark
[235/247] Linking CXX executable neoeng_v28_raa_selective_sanitizer
[236/247] Linking CXX executable neoeng_tests
[237/247] Linking CXX executable neoeng_session_recovery_contract_tests
[238/247] Linking CXX executable neoeng_operational_hardening_tests
[239/247] Linking CXX executable neoeng_observability_support_tests
[240/247] Linking CXX executable neoeng_state_evidence_tests
[241/247] Linking CXX executable neoeng_hardware_qualification_tests
[242/247] Linking CXX executable modules/view_lab/neoeng_dcore_view_lab_cli
[243/247] Linking CXX executable modules/view_lab/neoeng_dcore_view_reference_tests
[244/247] Linking CXX executable modules/view_lab/neoeng_dcore_view_lab_integration_tests
[245/247] Linking CXX executable modules/host_sdk/neoeng_host_sdk_tests
[246/247] Linking CXX executable modules/host_sdk/neoeng_host_sdk_c_header_test
[247/247] Linking CXX executable modules/host_sdk/neoeng_host_sdk_reference
