[1/247] Building CXX object CMakeFiles/neoeng_dcore.dir/src/crypto_hash.cpp.o
[2/247] Building CXX object CMakeFiles/neoeng_dcore.dir/src/hash.cpp.o
[3/247] Building CXX object CMakeFiles/neoeng_dcore.dir/src/diagnostics.cpp.o
[4/247] Building CXX object CMakeFiles/neoeng_dcore.dir/src/state_evidence.cpp.o
[5/247] Building CXX object CMakeFiles/neoeng_dcore.dir/src/simulation.cpp.o
[6/247] Building CXX object CMakeFiles/neoeng_dcore.dir/src/rollback.cpp.o
[7/247] Building CXX object CMakeFiles/neoeng_dcore.dir/src/support_bundle.cpp.o
[8/247] Building CXX object CMakeFiles/neoeng_dcore.dir/src/immutable_world.cpp.o
[9/247] Building CXX object CMakeFiles/neoeng_dcore.dir/src/immutable_rollback.cpp.o
[10/247] Building CXX object CMakeFiles/neoeng_dcore.dir/src/offline_oracle.cpp.o
[11/247] Building CXX object CMakeFiles/neoeng_dcore.dir/src/persistent_checkpoint.cpp.o
[12/247] Building CXX object CMakeFiles/neoeng_dcore.dir/src/snapshot_store.cpp.o
[13/247] Building CXX object CMakeFiles/neoeng_dcore.dir/src/contextual_policy.cpp.o
[14/247] Building CXX object CMakeFiles/neoeng_dcore.dir/src/active_world.cpp.o
[15/247] Building CXX object CMakeFiles/neoeng_dcore.dir/src/fixed_simd.cpp.o
[16/247] Building CXX object CMakeFiles/neoeng_dcore.dir/src/fixed_slot_allocator.cpp.o
[17/247] Building CXX object CMakeFiles/neoeng_dcore.dir/src/radix_world.cpp.o
[18/247] Building CXX object CMakeFiles/neoeng_dcore.dir/src/component_world.cpp.o
[19/247] Building CXX object CMakeFiles/neoeng_dcore.dir/src/uncertainty_lab.cpp.o
[20/247] Building CXX object CMakeFiles/neoeng_dcore.dir/src/fixed_raa_active_island_shadow.cpp.o
[21/247] Building CXX object CMakeFiles/neoeng_dcore.dir/src/broadphase.cpp.o
[22/247] Building CXX object CMakeFiles/neoeng_dcore.dir/src/fixed_raa_microkernel.cpp.o
[23/247] Building CXX object CMakeFiles/neoeng_dcore.dir/src/epoch_arena.cpp.o
[24/247] Building CXX object CMakeFiles/neoeng_dcore.dir/src/temporal_contact.cpp.o
[25/247] Building CXX object CMakeFiles/neoeng_dcore.dir/src/chain_solver.cpp.o
[26/247] Building CXX object CMakeFiles/neoeng_dcore.dir/src/interactive_rollback.cpp.o
[27/247] Building CXX object CMakeFiles/neoeng_dcore.dir/src/contact_solver.cpp.o
[28/247] Building CXX object CMakeFiles/neoeng_dcore.dir/src/advanced_island_solver.cpp.o
[29/247] Building CXX object CMakeFiles/neoeng_dcore.dir/src/island_runtime.cpp.o
[30/247] Building CXX object CMakeFiles/neoeng_dcore.dir/src/general_lcp_solver.cpp.o
[31/247] Building CXX object CMakeFiles/neoeng_dcore.dir/src/weighted_contact_projection.cpp.o
[32/247] Building CXX object CMakeFiles/neoeng_dcore.dir/src/arbitrary_normal_projection.cpp.o
[33/247] Building CXX object CMakeFiles/neoeng_dcore.dir/src/axis_forest_projection.cpp.o
[34/247] Building CXX object CMakeFiles/neoeng_dcore.dir/src/atomic_physics.cpp.o
[35/247] Building CXX object CMakeFiles/neoeng_dcore.dir/src/weighted_tree_projection.cpp.o
[36/247] Building CXX object CMakeFiles/neoeng_dcore.dir/src/paged_atomic_temporal_physics.cpp.o
[37/247] Building CXX object CMakeFiles/neoeng_dcore.dir/src/island_pair_cache.cpp.o
[38/247] Building CXX object CMakeFiles/neoeng_dcore.dir/src/paged_atomic_history.cpp.o
[39/247] Building CXX object CMakeFiles/neoeng_dcore.dir/src/atomic_temporal_physics.cpp.o
[40/247] Building CXX object CMakeFiles/neoeng_dcore.dir/src/small_oblique_grid_oracle.cpp.o
[41/247] Building CXX object CMakeFiles/neoeng_dcore.dir/src/oblique_tree_grid_dp.cpp.o
[42/247] Building CXX object CMakeFiles/neoeng_dcore.dir/src/versioned_island_pair_history.cpp.o
[43/247] Building CXX object CMakeFiles/neoeng_dcore.dir/src/dynamic_island_pair_history.cpp.o
[44/247] Building CXX object CMakeFiles/neoeng_dcore.dir/src/authoritative_paged_temporal_physics.cpp.o
[45/247] Building CXX object CMakeFiles/neoeng_dcore.dir/src/segmented_dynamic_pair_history.cpp.o
[46/247] Building CXX object CMakeFiles/neoeng_dcore.dir/src/paged_segmented_pair_history.cpp.o
[47/247] Building CXX object CMakeFiles/neoeng_dcore.dir/src/network_security.cpp.o
[48/247] Building CXX object CMakeFiles/neoeng_dcore.dir/src/segmented_authoritative_paged_temporal_physics.cpp.o
[49/247] Building CXX object CMakeFiles/neoeng_dcore.dir/src/oblique_star_projection.cpp.o
[50/247] Building CXX object CMakeFiles/neoeng_dcore.dir/src/session_security.cpp.o
[51/247] Building CXX object CMakeFiles/neoeng_dcore.dir/src/recovery.cpp.o
[52/247] Building CXX object CMakeFiles/neoeng_dcore.dir/src/exact_oblique_tree_oracle.cpp.o
[53/247] Building CXX object CMakeFiles/neoeng_dcore.dir/src/hardware_profile.cpp.o
[54/247] Building CXX object CMakeFiles/neoeng_dcore.dir/src/observability.cpp.o
[55/247] Building CXX object CMakeFiles/neoeng_dcore.dir/src/recovery_contract.cpp.o
[56/247] Building CXX object modules/view_lab/CMakeFiles/neoeng_dcore_view_reference.dir/vendor/year2/src/visibility_buffer.cpp.o
[57/247] Linking CXX static library modules/view_lab/libneoeng_dcore_view_reference.a
[58/247] Building CXX object CMakeFiles/neoeng_dcore.dir/src/visual_correlation.cpp.o
[59/247] Building CXX object CMakeFiles/neoeng_dcore.dir/src/operational_runtime.cpp.o
[60/247] Linking CXX static library libneoeng_dcore.a
[61/247] Building CXX object modules/view_lab/CMakeFiles/neoeng_dcore_view_lab.dir/src/view_lab.cpp.o
[1/186] Building CXX object CMakeFiles/neoeng_network_packet_fuzz.dir/apps/network_packet_fuzz.cpp.o
[2/186] Building CXX object CMakeFiles/neoeng_dcore_lab.dir/apps/core_lab_main.cpp.o
[3/186] Building CXX object CMakeFiles/neoeng_determinism_probe.dir/apps/determinism_probe.cpp.o
[4/186] Building CXX object modules/host_sdk/CMakeFiles/neoeng_dcore_host_sdk.dir/src/dcore_host.cpp.o
[5/186] Building CXX object CMakeFiles/neoeng_session_security_probe.dir/apps/session_security_probe.cpp.o
[6/186] Building CXX object CMakeFiles/neoeng_recovery_fault_injection.dir/apps/recovery_fault_injection.cpp.o
[7/186] Building CXX object CMakeFiles/neoeng_session_handshake_fuzz.dir/apps/session_handshake_fuzz.cpp.o
[8/186] Building CXX object CMakeFiles/neoeng_time_travel_cli.dir/apps/dcore_time_travel_cli.cpp.o
[9/186] Building CXX object CMakeFiles/neoeng_recovery_contract_probe.dir/apps/recovery_contract_probe.cpp.o
[10/186] Building CXX object CMakeFiles/neoeng_hardware_profile_probe.dir/apps/hardware_profile_probe.cpp.o
[11/186] Building CXX object CMakeFiles/neoeng_state_evidence_probe.dir/apps/state_evidence_probe.cpp.o
[12/186] Building CXX object CMakeFiles/neoeng_ecs_maintenance_benchmark.dir/apps/ecs_maintenance_benchmark.cpp.o
[13/186] Building CXX object CMakeFiles/neoeng_state_evidence_fuzz.dir/apps/state_evidence_fuzz.cpp.o
[14/186] Building CXX object CMakeFiles/neoeng_support_bundle_fuzz.dir/apps/support_bundle_fuzz.cpp.o
[15/186] Building CXX object CMakeFiles/neoeng_support_bundle_probe.dir/apps/support_bundle_probe.cpp.o
[16/186] Building CXX object CMakeFiles/neoeng_benchmark.dir/apps/benchmark.cpp.o
[17/186] Building CXX object CMakeFiles/neoeng_snapshot_benchmark.dir/apps/snapshot_benchmark.cpp.o
[18/186] Building CXX object CMakeFiles/neoeng_snapshot_fuzz.dir/apps/snapshot_fuzz.cpp.o
[19/186] Building CXX object CMakeFiles/neoeng_adaptive_benchmark.dir/apps/adaptive_benchmark.cpp.o
[20/186] Building CXX object CMakeFiles/neoeng_rollback_matrix.dir/apps/rollback_matrix_v03.cpp.o
[21/186] Building CXX object CMakeFiles/neoeng_immutable_fuzz.dir/apps/immutable_fuzz.cpp.o
[22/186] Building CXX object CMakeFiles/neoeng_active_fuzz.dir/apps/active_fuzz.cpp.o
[23/186] Building CXX object CMakeFiles/neoeng_v04_benchmark.dir/apps/v04_benchmark.cpp.o
[24/186] Building CXX object CMakeFiles/neoeng_v06_fuzz.dir/apps/v06_fuzz.cpp.o
[25/186] Building CXX object CMakeFiles/neoeng_v05_benchmark.dir/apps/v05_benchmark.cpp.o
[26/186] Building CXX object CMakeFiles/neoeng_v06_benchmark.dir/apps/v06_benchmark.cpp.o
[27/186] Building CXX object CMakeFiles/neoeng_v07_benchmark.dir/apps/v07_benchmark.cpp.o
[28/186] Building CXX object CMakeFiles/neoeng_v07_fuzz.dir/apps/v07_fuzz.cpp.o
[29/186] Building CXX object CMakeFiles/neoeng_v08_fuzz.dir/apps/v08_fuzz.cpp.o
[30/186] Building CXX object CMakeFiles/neoeng_v08_benchmark.dir/apps/v08_benchmark.cpp.o
[31/186] Building CXX object CMakeFiles/neoeng_v09_benchmark.dir/apps/v09_benchmark.cpp.o
[32/186] Building CXX object CMakeFiles/neoeng_v09_fuzz.dir/apps/v09_fuzz.cpp.o
[33/186] Building CXX object CMakeFiles/neoeng_v10_benchmark.dir/apps/v10_benchmark.cpp.o
[34/186] Building CXX object CMakeFiles/neoeng_v10_fuzz.dir/apps/v10_fuzz.cpp.o
[35/186] Building CXX object CMakeFiles/neoeng_v11_fuzz.dir/apps/v11_fuzz.cpp.o
[36/186] Building CXX object CMakeFiles/neoeng_v11_benchmark.dir/apps/v11_benchmark.cpp.o
[37/186] Building CXX object CMakeFiles/neoeng_v12_benchmark.dir/apps/v12_benchmark.cpp.o
[38/186] Building CXX object CMakeFiles/neoeng_v12_fuzz.dir/apps/v12_fuzz.cpp.o
[39/186] Building CXX object CMakeFiles/neoeng_v12_policy_benchmark.dir/apps/v12_policy_benchmark.cpp.o
[40/186] Building CXX object CMakeFiles/neoeng_v13_benchmark.dir/apps/v13_benchmark.cpp.o
[41/186] Building CXX object CMakeFiles/neoeng_v13_fuzz.dir/apps/v13_fuzz.cpp.o
[42/186] Building CXX object CMakeFiles/neoeng_v14_benchmark.dir/apps/v14_benchmark.cpp.o
[43/186] Building CXX object CMakeFiles/neoeng_v14_fuzz.dir/apps/v14_fuzz.cpp.o
[44/186] Building CXX object CMakeFiles/neoeng_v15_benchmark.dir/apps/v15_benchmark.cpp.o
[45/186] Building CXX object CMakeFiles/neoeng_v15_fuzz.dir/apps/v15_fuzz.cpp.o
[46/186] Building CXX object CMakeFiles/neoeng_v17_fuzz.dir/apps/v17_fuzz.cpp.o
[47/186] Building CXX object CMakeFiles/neoeng_v18_fuzz.dir/apps/v18_fuzz.cpp.o
[48/186] Building CXX object CMakeFiles/neoeng_v20_fuzz.dir/apps/v20_fuzz.cpp.o
[49/186] Building CXX object CMakeFiles/neoeng_v19_fuzz.dir/apps/v19_fuzz.cpp.o
[50/186] Building CXX object CMakeFiles/neoeng_v21_fuzz.dir/apps/v21_fuzz.cpp.o
[51/186] Building CXX object CMakeFiles/neoeng_v22_benchmark.dir/apps/v22_benchmark.cpp.o
[52/186] Building CXX object CMakeFiles/neoeng_v22_fuzz.dir/apps/v22_fuzz.cpp.o
[53/186] Building CXX object CMakeFiles/neoeng_v23_fuzz.dir/apps/v23_fuzz.cpp.o
[54/186] Building CXX object CMakeFiles/neoeng_v24_fuzz.dir/apps/v24_fuzz.cpp.o
[55/186] Building CXX object CMakeFiles/neoeng_v26_benchmark.dir/apps/v26_benchmark.cpp.o
[56/186] Building CXX object CMakeFiles/neoeng_v26_fuzz.dir/apps/v26_fuzz.cpp.o
[57/186] Building CXX object CMakeFiles/neoeng_v28_raa_allocation_probe.dir/apps/v28_raa_allocation_probe.cpp.o
[58/186] Building CXX object CMakeFiles/neoeng_v27_fuzz.dir/apps/v27_fuzz.cpp.o
[59/186] Building CXX object CMakeFiles/neoeng_v25_fuzz.dir/apps/v25_fuzz.cpp.o
[60/186] Building CXX object CMakeFiles/neoeng_v28_raa_selective_benchmark.dir/apps/v28_raa_selective_benchmark.cpp.o
[61/186] Building CXX object CMakeFiles/neoeng_v28_raa_selective_fuzz.dir/apps/v28_raa_selective_fuzz.cpp.o
[62/186] Building CXX object CMakeFiles/neoeng_v27_benchmark.dir/apps/v27_benchmark.cpp.o
[63/186] Building CXX object CMakeFiles/neoeng_v28_bare_metal_rollback.dir/apps/v28_bare_metal_rollback.cpp.o
[64/186] Building CXX object CMakeFiles/neoeng_v28_interval_arithmetic_audit.dir/apps/v28_interval_arithmetic_audit.cpp.o
[1/122] Building CXX object CMakeFiles/neoeng_v28_active_island_shadow.dir/apps/v28_active_island_shadow.cpp.o
[2/122] Building CXX object CMakeFiles/neoeng_v16_fuzz.dir/apps/v16_fuzz.cpp.o
[3/122] Building CXX object CMakeFiles/neoeng_dcore_preclosure.dir/apps/v28_year1_preclosure.cpp.o
[4/122] Building CXX object CMakeFiles/neoeng_v16_benchmark.dir/apps/v16_benchmark.cpp.o
[5/122] Building CXX object CMakeFiles/neoeng_v17_benchmark.dir/apps/v17_benchmark.cpp.o
[6/122] Building CXX object CMakeFiles/neoeng_v18_benchmark.dir/apps/v18_benchmark.cpp.o
[7/122] Building CXX object CMakeFiles/neoeng_v20_benchmark.dir/apps/v20_benchmark.cpp.o
[8/122] Building CXX object CMakeFiles/neoeng_v19_benchmark.dir/apps/v19_benchmark.cpp.o
[9/122] Building CXX object CMakeFiles/neoeng_v21_benchmark.dir/apps/v21_benchmark.cpp.o
[10/122] Building CXX object CMakeFiles/neoeng_v28_raa_sanitizer_probe.dir/apps/v28_raa_sanitizer_probe.cpp.o
[11/122] Building CXX object CMakeFiles/neoeng_v23_benchmark.dir/apps/v23_benchmark.cpp.o
[12/122] Building CXX object CMakeFiles/neoeng_v24_benchmark.dir/apps/v24_benchmark.cpp.o
[13/122] Building CXX object CMakeFiles/neoeng_v28_raa_decomposition_benchmark.dir/src/fixed_raa_decomposition.cpp.o
[14/122] Building CXX object CMakeFiles/neoeng_v28_raa_decomposition_benchmark.dir/apps/v28_raa_decomposition_benchmark.cpp.o
[15/122] Building CXX object CMakeFiles/neoeng_v28_raa_sanitizer_probe.dir/src/fixed_raa_microkernel.cpp.o
[16/122] Building CXX object CMakeFiles/neoeng_v28_raa_selective_sanitizer.dir/apps/v28_raa_selective_fuzz.cpp.o
[17/122] Building CXX object CMakeFiles/neoeng_v25_benchmark.dir/apps/v25_benchmark.cpp.o
[18/122] Building CXX object CMakeFiles/neoeng_v28_raa_selective_sanitizer.dir/src/fixed_raa_microkernel.cpp.o
[19/122] Building CXX object CMakeFiles/neoeng_operational_hardening_tests.dir/tests/operational_hardening_tests.cpp.o
[20/122] Building CXX object CMakeFiles/neoeng_session_recovery_contract_tests.dir/tests/session_recovery_contract_tests.cpp.o
[21/122] Building CXX object CMakeFiles/neoeng_observability_support_tests.dir/tests/observability_support_tests.cpp.o
[22/122] Linking CXX static library modules/view_lab/libneoeng_dcore_view_lab.a
[23/122] Building CXX object CMakeFiles/neoeng_hardware_qualification_tests.dir/tests/hardware_qualification_tests.cpp.o
[24/122] Building CXX object CMakeFiles/neoeng_state_evidence_tests.dir/tests/state_evidence_tests.cpp.o
[25/122] Building CXX object modules/view_lab/CMakeFiles/neoeng_dcore_view_reference_tests.dir/tests/visibility_reference_tests.cpp.o
[26/122] Linking CXX static library modules/host_sdk/libneoeng_dcore_host_sdk.a
[27/122] Building CXX object CMakeFiles/neoeng_tests.dir/tests/test_main.cpp.o
[28/122] Building C object modules/host_sdk/CMakeFiles/neoeng_host_sdk_c_header_test.dir/tests/host_sdk_header_c.c.o
[29/122] Building C object modules/host_sdk/CMakeFiles/neoeng_host_sdk_reference.dir/apps/host_sdk_reference.c.o
[30/122] Linking CXX executable neoeng_dcore_lab
[31/122] Building CXX object modules/view_lab/CMakeFiles/neoeng_dcore_view_lab_cli.dir/apps/view_lab_cli.cpp.o
[32/122] Linking CXX executable neoeng_determinism_probe
[33/122] Linking CXX executable neoeng_network_packet_fuzz
[34/122] Linking CXX executable neoeng_session_security_probe
[35/122] Linking CXX executable neoeng_session_handshake_fuzz
[36/122] Linking CXX executable neoeng_time_travel_cli
[37/122] Linking CXX executable neoeng_recovery_fault_injection
[38/122] Linking CXX executable neoeng_recovery_contract_probe
[39/122] Linking CXX executable neoeng_hardware_profile_probe
[40/122] Linking CXX executable neoeng_ecs_maintenance_benchmark
[41/122] Building CXX object modules/view_lab/CMakeFiles/neoeng_dcore_view_lab_integration_tests.dir/tests/view_lab_integration_tests.cpp.o
[42/122] Linking CXX executable neoeng_state_evidence_probe
[43/122] Linking CXX executable neoeng_state_evidence_fuzz
[44/122] Linking CXX executable neoeng_support_bundle_probe
[45/122] Linking CXX executable neoeng_support_bundle_fuzz
[46/122] Linking CXX executable neoeng_benchmark
[47/122] Linking CXX executable neoeng_snapshot_benchmark
[48/122] Linking CXX executable neoeng_adaptive_benchmark
[49/122] Linking CXX executable neoeng_snapshot_fuzz
[50/122] Linking CXX executable neoeng_rollback_matrix
[51/122] Linking CXX executable neoeng_v04_benchmark
[52/122] Linking CXX executable neoeng_immutable_fuzz
[53/122] Linking CXX executable neoeng_v05_benchmark
[54/122] Linking CXX executable neoeng_active_fuzz
[55/122] Linking CXX executable neoeng_v06_benchmark
[56/122] Linking CXX executable neoeng_v06_fuzz
[57/122] Linking CXX executable neoeng_v07_benchmark
[58/122] Linking CXX executable neoeng_v07_fuzz
[59/122] Linking CXX executable neoeng_v08_benchmark
[60/122] Linking CXX executable neoeng_v08_fuzz
[61/122] Linking CXX executable neoeng_v09_benchmark
[62/122] Linking CXX executable neoeng_v09_fuzz
[63/122] Linking CXX executable neoeng_v10_benchmark
[64/122] Linking CXX executable neoeng_v10_fuzz
[65/122] Linking CXX executable neoeng_v11_benchmark
[66/122] Linking CXX executable neoeng_v11_fuzz
[67/122] Linking CXX executable neoeng_v12_benchmark
[68/122] Linking CXX executable neoeng_v12_fuzz
[69/122] Linking CXX executable neoeng_v12_policy_benchmark
[70/122] Linking CXX executable neoeng_v13_benchmark
[71/122] Linking CXX executable neoeng_v13_fuzz
[72/122] Building CXX object modules/host_sdk/CMakeFiles/neoeng_host_sdk_tests.dir/tests/host_sdk_tests.cpp.o
[73/122] Linking CXX executable neoeng_v14_benchmark
[74/122] Linking CXX executable neoeng_v14_fuzz
[75/122] Linking CXX executable neoeng_v15_benchmark
[76/122] Linking CXX executable neoeng_v15_fuzz
[77/122] Linking CXX executable neoeng_v17_fuzz
[78/122] Linking CXX executable neoeng_v18_fuzz
[79/122] Linking CXX executable neoeng_v19_fuzz
[80/122] Linking CXX executable neoeng_v20_fuzz
[81/122] Linking CXX executable neoeng_v21_fuzz
[82/122] Linking CXX executable neoeng_v22_benchmark
[83/122] Linking CXX executable neoeng_v22_fuzz
[84/122] Linking CXX executable neoeng_v23_fuzz
[85/122] Linking CXX executable neoeng_v24_fuzz
[86/122] Linking CXX executable neoeng_v25_fuzz
[87/122] Linking CXX executable neoeng_v26_benchmark
[88/122] Linking CXX executable neoeng_v26_fuzz
[89/122] Linking CXX executable neoeng_v27_fuzz
[90/122] Linking CXX executable neoeng_v27_benchmark
[91/122] Linking CXX executable neoeng_v28_raa_allocation_probe
[92/122] Linking CXX executable neoeng_v28_raa_selective_fuzz
[93/122] Linking CXX executable neoeng_v28_bare_metal_rollback
[94/122] Linking CXX executable neoeng_v28_interval_arithmetic_audit
[95/122] Linking CXX executable neoeng_v28_raa_selective_benchmark
[96/122] Linking CXX executable neoeng_dcore_preclosure
[97/122] Linking CXX executable neoeng_v28_active_island_shadow
[98/122] Linking CXX executable neoeng_v16_fuzz
[99/122] Linking CXX executable neoeng_v16_benchmark
[100/122] Linking CXX executable neoeng_v18_benchmark
[101/122] Linking CXX executable neoeng_v17_benchmark
[102/122] Linking CXX executable neoeng_v19_benchmark
[103/122] Linking CXX executable neoeng_v20_benchmark
[104/122] Linking CXX executable neoeng_v21_benchmark
[105/122] Linking CXX executable neoeng_v23_benchmark
[106/122] Linking CXX executable neoeng_v24_benchmark
[107/122] Linking CXX executable neoeng_v25_benchmark
[108/122] Linking CXX executable neoeng_v28_raa_sanitizer_probe
[109/122] Linking CXX executable neoeng_v28_raa_decomposition_benchmark
[110/122] Linking CXX executable neoeng_v28_raa_selective_sanitizer
[111/122] Linking CXX executable neoeng_operational_hardening_tests
[112/122] Linking CXX executable neoeng_tests
[113/122] Linking CXX executable neoeng_session_recovery_contract_tests
[114/122] Linking CXX executable neoeng_observability_support_tests
[115/122] Linking CXX executable neoeng_state_evidence_tests
[116/122] Linking CXX executable neoeng_hardware_qualification_tests
[117/122] Linking CXX executable modules/view_lab/neoeng_dcore_view_reference_tests
[118/122] Linking CXX executable modules/view_lab/neoeng_dcore_view_lab_cli
[119/122] Linking CXX executable modules/host_sdk/neoeng_host_sdk_tests
[120/122] Linking CXX executable modules/view_lab/neoeng_dcore_view_lab_integration_tests
[121/122] Linking CXX executable modules/host_sdk/neoeng_host_sdk_reference
[122/122] Linking CXX executable modules/host_sdk/neoeng_host_sdk_c_header_test
