[1/247] Building CXX object CMakeFiles/neoeng_dcore.dir/src/crypto_hash.cpp.o
[2/247] Building CXX object CMakeFiles/neoeng_dcore.dir/src/hash.cpp.o
[3/247] Building CXX object CMakeFiles/neoeng_dcore.dir/src/diagnostics.cpp.o
[4/247] Building CXX object CMakeFiles/neoeng_dcore.dir/src/state_evidence.cpp.o
[5/247] Building CXX object CMakeFiles/neoeng_dcore.dir/src/simulation.cpp.o
[6/247] Building CXX object CMakeFiles/neoeng_dcore.dir/src/rollback.cpp.o
[7/247] Building CXX object CMakeFiles/neoeng_dcore.dir/src/support_bundle.cpp.o
[8/247] Building CXX object CMakeFiles/neoeng_dcore.dir/src/immutable_world.cpp.o
[9/247] Building CXX object CMakeFiles/neoeng_dcore.dir/src/immutable_rollback.cpp.o
[10/247] Building CXX object CMakeFiles/neoeng_dcore.dir/src/snapshot_store.cpp.o
[11/247] Building CXX object CMakeFiles/neoeng_dcore.dir/src/offline_oracle.cpp.o
[12/247] Building CXX object CMakeFiles/neoeng_dcore.dir/src/persistent_checkpoint.cpp.o
[13/247] Building CXX object CMakeFiles/neoeng_dcore.dir/src/active_world.cpp.o
[14/247] Building CXX object CMakeFiles/neoeng_dcore.dir/src/component_world.cpp.o
[15/247] Building CXX object CMakeFiles/neoeng_dcore.dir/src/radix_world.cpp.o
[16/247] Building CXX object CMakeFiles/neoeng_dcore.dir/src/contextual_policy.cpp.o
[17/247] Building CXX object CMakeFiles/neoeng_dcore.dir/src/fixed_slot_allocator.cpp.o
[18/247] Building CXX object CMakeFiles/neoeng_dcore.dir/src/fixed_simd.cpp.o
[19/247] Building CXX object CMakeFiles/neoeng_dcore.dir/src/uncertainty_lab.cpp.o
[20/247] Building CXX object CMakeFiles/neoeng_dcore.dir/src/fixed_raa_microkernel.cpp.o
[21/247] Building CXX object CMakeFiles/neoeng_dcore.dir/src/fixed_raa_active_island_shadow.cpp.o
[22/247] Building CXX object CMakeFiles/neoeng_dcore.dir/src/broadphase.cpp.o
[23/247] Building CXX object CMakeFiles/neoeng_dcore.dir/src/epoch_arena.cpp.o
[24/247] Building CXX object CMakeFiles/neoeng_dcore.dir/src/chain_solver.cpp.o
[25/247] Building CXX object CMakeFiles/neoeng_dcore.dir/src/contact_solver.cpp.o
[26/247] Building CXX object CMakeFiles/neoeng_dcore.dir/src/temporal_contact.cpp.o
[27/247] Building CXX object CMakeFiles/neoeng_dcore.dir/src/interactive_rollback.cpp.o
[28/247] Building CXX object CMakeFiles/neoeng_dcore.dir/src/island_runtime.cpp.o
[29/247] Building CXX object CMakeFiles/neoeng_dcore.dir/src/advanced_island_solver.cpp.o
[30/247] Building CXX object CMakeFiles/neoeng_dcore.dir/src/general_lcp_solver.cpp.o
[31/247] Building CXX object CMakeFiles/neoeng_dcore.dir/src/weighted_contact_projection.cpp.o
[32/247] Building CXX object CMakeFiles/neoeng_dcore.dir/src/axis_forest_projection.cpp.o
[33/247] Building CXX object CMakeFiles/neoeng_dcore.dir/src/arbitrary_normal_projection.cpp.o
[34/247] Building CXX object CMakeFiles/neoeng_dcore.dir/src/weighted_tree_projection.cpp.o
[35/247] Building CXX object CMakeFiles/neoeng_dcore.dir/src/atomic_physics.cpp.o
[1/212] Building CXX object CMakeFiles/neoeng_dcore.dir/src/paged_atomic_history.cpp.o
[2/212] Building CXX object CMakeFiles/neoeng_dcore.dir/src/atomic_temporal_physics.cpp.o
[3/212] Building CXX object CMakeFiles/neoeng_dcore.dir/src/paged_atomic_temporal_physics.cpp.o
[4/212] Building CXX object CMakeFiles/neoeng_dcore.dir/src/island_pair_cache.cpp.o
[5/212] Building CXX object CMakeFiles/neoeng_dcore.dir/src/small_oblique_grid_oracle.cpp.o
[6/212] Building CXX object CMakeFiles/neoeng_dcore.dir/src/versioned_island_pair_history.cpp.o
[7/212] Building CXX object CMakeFiles/neoeng_dcore.dir/src/oblique_tree_grid_dp.cpp.o
[8/212] Building CXX object CMakeFiles/neoeng_dcore.dir/src/dynamic_island_pair_history.cpp.o
[9/212] Building CXX object CMakeFiles/neoeng_dcore.dir/src/authoritative_paged_temporal_physics.cpp.o
[10/212] Building CXX object CMakeFiles/neoeng_dcore.dir/src/oblique_star_projection.cpp.o
[11/212] Building CXX object CMakeFiles/neoeng_dcore.dir/src/exact_oblique_tree_oracle.cpp.o
[12/212] Building CXX object CMakeFiles/neoeng_dcore.dir/src/segmented_dynamic_pair_history.cpp.o
[13/212] Building CXX object CMakeFiles/neoeng_dcore.dir/src/paged_segmented_pair_history.cpp.o
[14/212] Building CXX object CMakeFiles/neoeng_dcore.dir/src/segmented_authoritative_paged_temporal_physics.cpp.o
[15/212] Building CXX object CMakeFiles/neoeng_dcore.dir/src/network_security.cpp.o
[16/212] Building CXX object CMakeFiles/neoeng_dcore.dir/src/session_security.cpp.o
[17/212] Building CXX object CMakeFiles/neoeng_dcore.dir/src/recovery.cpp.o
[18/212] Building CXX object CMakeFiles/neoeng_dcore.dir/src/observability.cpp.o
[19/212] Building CXX object CMakeFiles/neoeng_dcore.dir/src/hardware_profile.cpp.o
[20/212] Building CXX object CMakeFiles/neoeng_dcore.dir/src/recovery_contract.cpp.o
[21/212] Building CXX object CMakeFiles/neoeng_dcore.dir/src/visual_correlation.cpp.o
[22/212] Building CXX object CMakeFiles/neoeng_dcore.dir/src/operational_runtime.cpp.o
[23/212] Linking CXX static library libneoeng_dcore.a
[24/212] Building CXX object modules/view_lab/CMakeFiles/neoeng_dcore_view_reference.dir/vendor/year2/src/visibility_buffer.cpp.o
[25/212] Linking CXX static library modules/view_lab/libneoeng_dcore_view_reference.a
[26/212] Building CXX object modules/view_lab/CMakeFiles/neoeng_dcore_view_lab.dir/src/view_lab.cpp.o
[27/212] Building CXX object modules/host_sdk/CMakeFiles/neoeng_dcore_host_sdk.dir/src/dcore_host.cpp.o
[28/212] Building CXX object CMakeFiles/neoeng_dcore_lab.dir/apps/core_lab_main.cpp.o
[29/212] Building CXX object CMakeFiles/neoeng_determinism_probe.dir/apps/determinism_probe.cpp.o
[30/212] Building CXX object CMakeFiles/neoeng_network_packet_fuzz.dir/apps/network_packet_fuzz.cpp.o
[31/212] Building CXX object CMakeFiles/neoeng_session_security_probe.dir/apps/session_security_probe.cpp.o
[32/212] Building CXX object CMakeFiles/neoeng_session_handshake_fuzz.dir/apps/session_handshake_fuzz.cpp.o
[33/212] Building CXX object CMakeFiles/neoeng_time_travel_cli.dir/apps/dcore_time_travel_cli.cpp.o
[34/212] Building CXX object CMakeFiles/neoeng_recovery_fault_injection.dir/apps/recovery_fault_injection.cpp.o
[35/212] Building CXX object CMakeFiles/neoeng_recovery_contract_probe.dir/apps/recovery_contract_probe.cpp.o
[36/212] Building CXX object CMakeFiles/neoeng_hardware_profile_probe.dir/apps/hardware_profile_probe.cpp.o
[37/212] Building CXX object CMakeFiles/neoeng_ecs_maintenance_benchmark.dir/apps/ecs_maintenance_benchmark.cpp.o
[38/212] Building CXX object CMakeFiles/neoeng_state_evidence_probe.dir/apps/state_evidence_probe.cpp.o
[39/212] Building CXX object CMakeFiles/neoeng_state_evidence_fuzz.dir/apps/state_evidence_fuzz.cpp.o
[40/212] Building CXX object CMakeFiles/neoeng_support_bundle_probe.dir/apps/support_bundle_probe.cpp.o
[41/212] Building CXX object CMakeFiles/neoeng_support_bundle_fuzz.dir/apps/support_bundle_fuzz.cpp.o
[42/212] Building CXX object CMakeFiles/neoeng_benchmark.dir/apps/benchmark.cpp.o
[43/212] Building CXX object CMakeFiles/neoeng_snapshot_benchmark.dir/apps/snapshot_benchmark.cpp.o
[44/212] Building CXX object CMakeFiles/neoeng_adaptive_benchmark.dir/apps/adaptive_benchmark.cpp.o
[45/212] Building CXX object CMakeFiles/neoeng_snapshot_fuzz.dir/apps/snapshot_fuzz.cpp.o
[46/212] Building CXX object CMakeFiles/neoeng_rollback_matrix.dir/apps/rollback_matrix_v03.cpp.o
[47/212] Building CXX object CMakeFiles/neoeng_immutable_fuzz.dir/apps/immutable_fuzz.cpp.o
[48/212] Building CXX object CMakeFiles/neoeng_v04_benchmark.dir/apps/v04_benchmark.cpp.o
[49/212] Building CXX object CMakeFiles/neoeng_active_fuzz.dir/apps/active_fuzz.cpp.o
[1/163] Building CXX object CMakeFiles/neoeng_v06_fuzz.dir/apps/v06_fuzz.cpp.o
[2/163] Building CXX object CMakeFiles/neoeng_v07_benchmark.dir/apps/v07_benchmark.cpp.o
[3/163] Building CXX object CMakeFiles/neoeng_v06_benchmark.dir/apps/v06_benchmark.cpp.o
[4/163] Building CXX object CMakeFiles/neoeng_v07_fuzz.dir/apps/v07_fuzz.cpp.o
[5/163] Building CXX object CMakeFiles/neoeng_v05_benchmark.dir/apps/v05_benchmark.cpp.o
[6/163] Building CXX object CMakeFiles/neoeng_v08_fuzz.dir/apps/v08_fuzz.cpp.o
[7/163] Building CXX object CMakeFiles/neoeng_v08_benchmark.dir/apps/v08_benchmark.cpp.o
[8/163] Building CXX object CMakeFiles/neoeng_v09_fuzz.dir/apps/v09_fuzz.cpp.o
[9/163] Building CXX object CMakeFiles/neoeng_v09_benchmark.dir/apps/v09_benchmark.cpp.o
[10/163] Building CXX object CMakeFiles/neoeng_v10_benchmark.dir/apps/v10_benchmark.cpp.o
[11/163] Building CXX object CMakeFiles/neoeng_v11_fuzz.dir/apps/v11_fuzz.cpp.o
[12/163] Building CXX object CMakeFiles/neoeng_v10_fuzz.dir/apps/v10_fuzz.cpp.o
[13/163] Building CXX object CMakeFiles/neoeng_v11_benchmark.dir/apps/v11_benchmark.cpp.o
[14/163] Building CXX object CMakeFiles/neoeng_v12_fuzz.dir/apps/v12_fuzz.cpp.o
[15/163] Building CXX object CMakeFiles/neoeng_v12_benchmark.dir/apps/v12_benchmark.cpp.o
[16/163] Building CXX object CMakeFiles/neoeng_v12_policy_benchmark.dir/apps/v12_policy_benchmark.cpp.o
[17/163] Building CXX object CMakeFiles/neoeng_v13_benchmark.dir/apps/v13_benchmark.cpp.o
[18/163] Building CXX object CMakeFiles/neoeng_v14_benchmark.dir/apps/v14_benchmark.cpp.o
[19/163] Building CXX object CMakeFiles/neoeng_v14_fuzz.dir/apps/v14_fuzz.cpp.o
[20/163] Building CXX object CMakeFiles/neoeng_v13_fuzz.dir/apps/v13_fuzz.cpp.o
[21/163] Building CXX object CMakeFiles/neoeng_v15_benchmark.dir/apps/v15_benchmark.cpp.o
[22/163] Building CXX object CMakeFiles/neoeng_v15_fuzz.dir/apps/v15_fuzz.cpp.o
[23/163] Building CXX object CMakeFiles/neoeng_v17_fuzz.dir/apps/v17_fuzz.cpp.o
[24/163] Building CXX object CMakeFiles/neoeng_v18_fuzz.dir/apps/v18_fuzz.cpp.o
[25/163] Building CXX object CMakeFiles/neoeng_v19_fuzz.dir/apps/v19_fuzz.cpp.o
[26/163] Building CXX object CMakeFiles/neoeng_v20_fuzz.dir/apps/v20_fuzz.cpp.o
[27/163] Building CXX object CMakeFiles/neoeng_v22_benchmark.dir/apps/v22_benchmark.cpp.o
[28/163] Building CXX object CMakeFiles/neoeng_v21_fuzz.dir/apps/v21_fuzz.cpp.o
[29/163] Building CXX object CMakeFiles/neoeng_v22_fuzz.dir/apps/v22_fuzz.cpp.o
[30/163] Building CXX object CMakeFiles/neoeng_v23_fuzz.dir/apps/v23_fuzz.cpp.o
[31/163] Building CXX object CMakeFiles/neoeng_v24_fuzz.dir/apps/v24_fuzz.cpp.o
[32/163] Building CXX object CMakeFiles/neoeng_v26_benchmark.dir/apps/v26_benchmark.cpp.o
[33/163] Building CXX object CMakeFiles/neoeng_v26_fuzz.dir/apps/v26_fuzz.cpp.o
[34/163] Building CXX object CMakeFiles/neoeng_v28_raa_allocation_probe.dir/apps/v28_raa_allocation_probe.cpp.o
[35/163] Building CXX object CMakeFiles/neoeng_v27_fuzz.dir/apps/v27_fuzz.cpp.o
[36/163] Building CXX object CMakeFiles/neoeng_v25_fuzz.dir/apps/v25_fuzz.cpp.o
[37/163] Building CXX object CMakeFiles/neoeng_v28_raa_selective_benchmark.dir/apps/v28_raa_selective_benchmark.cpp.o
[38/163] Building CXX object CMakeFiles/neoeng_v28_bare_metal_rollback.dir/apps/v28_bare_metal_rollback.cpp.o
[39/163] Building CXX object CMakeFiles/neoeng_v28_interval_arithmetic_audit.dir/apps/v28_interval_arithmetic_audit.cpp.o
[40/163] Building CXX object CMakeFiles/neoeng_v28_raa_selective_fuzz.dir/apps/v28_raa_selective_fuzz.cpp.o
[41/163] Building CXX object CMakeFiles/neoeng_v28_active_island_shadow.dir/apps/v28_active_island_shadow.cpp.o
[42/163] Building CXX object CMakeFiles/neoeng_v27_benchmark.dir/apps/v27_benchmark.cpp.o
[43/163] Building CXX object CMakeFiles/neoeng_v16_fuzz.dir/apps/v16_fuzz.cpp.o
[44/163] Building CXX object CMakeFiles/neoeng_dcore_preclosure.dir/apps/v28_year1_preclosure.cpp.o
[45/163] Building CXX object CMakeFiles/neoeng_v16_benchmark.dir/apps/v16_benchmark.cpp.o
[46/163] Building CXX object CMakeFiles/neoeng_v17_benchmark.dir/apps/v17_benchmark.cpp.o
[47/163] Building CXX object CMakeFiles/neoeng_v18_benchmark.dir/apps/v18_benchmark.cpp.o
[48/163] Building CXX object CMakeFiles/neoeng_v19_benchmark.dir/apps/v19_benchmark.cpp.o
[49/163] Building CXX object CMakeFiles/neoeng_v20_benchmark.dir/apps/v20_benchmark.cpp.o
[50/163] Building CXX object CMakeFiles/neoeng_v21_benchmark.dir/apps/v21_benchmark.cpp.o
[51/163] Building CXX object CMakeFiles/neoeng_v28_raa_sanitizer_probe.dir/apps/v28_raa_sanitizer_probe.cpp.o
[52/163] Building CXX object CMakeFiles/neoeng_v23_benchmark.dir/apps/v23_benchmark.cpp.o
[53/163] Building CXX object CMakeFiles/neoeng_v28_raa_decomposition_benchmark.dir/apps/v28_raa_decomposition_benchmark.cpp.o
[54/163] Building CXX object CMakeFiles/neoeng_v24_benchmark.dir/apps/v24_benchmark.cpp.o
[55/163] Building CXX object CMakeFiles/neoeng_v28_raa_decomposition_benchmark.dir/src/fixed_raa_decomposition.cpp.o
[56/163] Building CXX object CMakeFiles/neoeng_v28_raa_selective_sanitizer.dir/apps/v28_raa_selective_fuzz.cpp.o
[57/163] Building CXX object CMakeFiles/neoeng_v28_raa_sanitizer_probe.dir/src/fixed_raa_microkernel.cpp.o
[58/163] Building CXX object CMakeFiles/neoeng_operational_hardening_tests.dir/tests/operational_hardening_tests.cpp.o
[59/163] Building CXX object CMakeFiles/neoeng_v28_raa_selective_sanitizer.dir/src/fixed_raa_microkernel.cpp.o
[60/163] Building CXX object CMakeFiles/neoeng_v25_benchmark.dir/apps/v25_benchmark.cpp.o
[61/163] Building CXX object CMakeFiles/neoeng_session_recovery_contract_tests.dir/tests/session_recovery_contract_tests.cpp.o
[62/163] Building CXX object CMakeFiles/neoeng_observability_support_tests.dir/tests/observability_support_tests.cpp.o
[63/163] Linking CXX static library modules/view_lab/libneoeng_dcore_view_lab.a
[64/163] Building CXX object CMakeFiles/neoeng_hardware_qualification_tests.dir/tests/hardware_qualification_tests.cpp.o
[65/163] Building CXX object CMakeFiles/neoeng_state_evidence_tests.dir/tests/state_evidence_tests.cpp.o
[66/163] Building CXX object CMakeFiles/neoeng_tests.dir/tests/test_main.cpp.o
[67/163] Linking CXX static library modules/host_sdk/libneoeng_dcore_host_sdk.a
[68/163] Building CXX object modules/view_lab/CMakeFiles/neoeng_dcore_view_reference_tests.dir/tests/visibility_reference_tests.cpp.o
[69/163] Building CXX object modules/view_lab/CMakeFiles/neoeng_dcore_view_lab_cli.dir/apps/view_lab_cli.cpp.o
[70/163] Building C object modules/host_sdk/CMakeFiles/neoeng_host_sdk_c_header_test.dir/tests/host_sdk_header_c.c.o
[71/163] Building C object modules/host_sdk/CMakeFiles/neoeng_host_sdk_reference.dir/apps/host_sdk_reference.c.o
[1/92] Linking CXX executable neoeng_determinism_probe
[2/92] Linking CXX executable neoeng_dcore_lab
[3/92] Linking CXX executable neoeng_network_packet_fuzz
[4/92] Linking CXX executable neoeng_session_security_probe
[5/92] Linking CXX executable neoeng_time_travel_cli
[6/92] Linking CXX executable neoeng_session_handshake_fuzz
[7/92] Linking CXX executable neoeng_recovery_contract_probe
[8/92] Linking CXX executable neoeng_recovery_fault_injection
[9/92] Linking CXX executable neoeng_hardware_profile_probe
[10/92] Linking CXX executable neoeng_ecs_maintenance_benchmark
[11/92] Linking CXX executable neoeng_state_evidence_probe
[12/92] Linking CXX executable neoeng_state_evidence_fuzz
[13/92] Linking CXX executable neoeng_support_bundle_fuzz
[14/92] Linking CXX executable neoeng_support_bundle_probe
[15/92] Linking CXX executable neoeng_benchmark
[16/92] Linking CXX executable neoeng_snapshot_benchmark
[17/92] Linking CXX executable neoeng_adaptive_benchmark
[18/92] Linking CXX executable neoeng_snapshot_fuzz
[19/92] Linking CXX executable neoeng_rollback_matrix
[20/92] Linking CXX executable neoeng_v04_benchmark
[21/92] Linking CXX executable neoeng_immutable_fuzz
[22/92] Linking CXX executable neoeng_v05_benchmark
[23/92] Linking CXX executable neoeng_active_fuzz
[24/92] Linking CXX executable neoeng_v06_benchmark
[25/92] Linking CXX executable neoeng_v06_fuzz
[26/92] Linking CXX executable neoeng_v07_benchmark
[27/92] Linking CXX executable neoeng_v07_fuzz
[28/92] Linking CXX executable neoeng_v08_benchmark
[29/92] Linking CXX executable neoeng_v08_fuzz
[30/92] Linking CXX executable neoeng_v09_benchmark
[31/92] Linking CXX executable neoeng_v09_fuzz
[32/92] Linking CXX executable neoeng_v10_benchmark
[33/92] Linking CXX executable neoeng_v10_fuzz
[34/92] Linking CXX executable neoeng_v11_benchmark
[35/92] Linking CXX executable neoeng_v11_fuzz
[36/92] Linking CXX executable neoeng_v12_benchmark
[37/92] Linking CXX executable neoeng_v12_fuzz
[38/92] Building CXX object modules/host_sdk/CMakeFiles/neoeng_host_sdk_tests.dir/tests/host_sdk_tests.cpp.o
[39/92] Linking CXX executable neoeng_v12_policy_benchmark
[40/92] Linking CXX executable neoeng_v13_benchmark
[41/92] Linking CXX executable neoeng_v13_fuzz
[42/92] Linking CXX executable neoeng_v14_benchmark
[43/92] Linking CXX executable neoeng_v14_fuzz
[44/92] Linking CXX executable neoeng_v15_benchmark
[45/92] Linking CXX executable neoeng_v15_fuzz
[46/92] Linking CXX executable neoeng_v17_fuzz
[47/92] Linking CXX executable neoeng_v18_fuzz
[48/92] Linking CXX executable neoeng_v19_fuzz
[49/92] Linking CXX executable neoeng_v20_fuzz
[50/92] Linking CXX executable neoeng_v21_fuzz
[51/92] Linking CXX executable neoeng_v22_benchmark
[52/92] Linking CXX executable neoeng_v22_fuzz
[53/92] Linking CXX executable neoeng_v23_fuzz
[54/92] Linking CXX executable neoeng_v24_fuzz
[55/92] Linking CXX executable neoeng_v25_fuzz
[56/92] Linking CXX executable neoeng_v26_benchmark
[57/92] Building CXX object modules/view_lab/CMakeFiles/neoeng_dcore_view_lab_integration_tests.dir/tests/view_lab_integration_tests.cpp.o
[58/92] Linking CXX executable neoeng_v26_fuzz
[59/92] Linking CXX executable neoeng_v27_benchmark
[60/92] Linking CXX executable neoeng_v27_fuzz
[61/92] Linking CXX executable neoeng_v28_raa_allocation_probe
[62/92] Linking CXX executable neoeng_v28_bare_metal_rollback
[63/92] Linking CXX executable neoeng_v28_raa_selective_fuzz
[64/92] Linking CXX executable neoeng_v28_raa_selective_benchmark
[65/92] Linking CXX executable neoeng_v28_interval_arithmetic_audit
[66/92] Linking CXX executable neoeng_v28_active_island_shadow
[67/92] Linking CXX executable neoeng_dcore_preclosure
[68/92] Linking CXX executable neoeng_v16_fuzz
[69/92] Linking CXX executable neoeng_v16_benchmark
[70/92] Linking CXX executable neoeng_v18_benchmark
[71/92] Linking CXX executable neoeng_v17_benchmark
[72/92] Linking CXX executable neoeng_v19_benchmark
[73/92] Linking CXX executable neoeng_v20_benchmark
[74/92] Linking CXX executable neoeng_v21_benchmark
[75/92] Linking CXX executable neoeng_v23_benchmark
[76/92] Linking CXX executable neoeng_v24_benchmark
[77/92] Linking CXX executable neoeng_v25_benchmark
[78/92] Linking CXX executable neoeng_v28_raa_decomposition_benchmark
[79/92] Linking CXX executable neoeng_v28_raa_sanitizer_probe
[80/92] Linking CXX executable neoeng_v28_raa_selective_sanitizer
[81/92] Linking CXX executable neoeng_tests
[82/92] Linking CXX executable neoeng_operational_hardening_tests
[83/92] Linking CXX executable neoeng_session_recovery_contract_tests
[84/92] Linking CXX executable neoeng_observability_support_tests
[85/92] Linking CXX executable neoeng_state_evidence_tests
[86/92] Linking CXX executable neoeng_hardware_qualification_tests
[87/92] Linking CXX executable modules/view_lab/neoeng_dcore_view_reference_tests
[88/92] Linking CXX executable modules/view_lab/neoeng_dcore_view_lab_cli
[89/92] Linking CXX executable modules/view_lab/neoeng_dcore_view_lab_integration_tests
[90/92] Linking CXX executable modules/host_sdk/neoeng_host_sdk_tests
[91/92] Linking CXX executable modules/host_sdk/neoeng_host_sdk_reference
[92/92] Linking CXX executable modules/host_sdk/neoeng_host_sdk_c_header_test
[1/2] Building CXX object modules/host_sdk/CMakeFiles/neoeng_host_sdk_tests.dir/tests/host_sdk_tests.cpp.o
[2/2] Linking CXX executable modules/host_sdk/neoeng_host_sdk_tests
